Product: MDK-ARM Standard 5.10
Component: ARM Compiler 5.04 update 1 (build 49)
Tool: armlink [5040049]

==============================================================================

Section Cross References

    main.o(.text) refers to stm32f10x_gpio.o(.text) for GPIO_SetBits
    main.o(.text) refers to stm32f10x_rcc.o(.text) for RCC_APB1PeriphClockCmd
    main.o(.text) refers to stm32f10x_tim.o(.text) for TIM_TimeBaseInit
    main.o(.text) refers to misc.o(.text) for NVIC_Init
    main.o(.text) refers to stm32f10x_flash.o(.text) for FLASH_PrefetchBufferCmd
    main.o(.text) refers to uart.o(.text) for USART_Config
    main.o(.text) refers to oled.o(.text) for OLED_Init
    main.o(.text) refers to sysfunction.o(.text) for SetBoardTestMode
    main.o(.text) refers to ds18b20.o(.text) for ConfiureIoFor18b20
    main.o(.text) refers to mlx90614.o(.text) for MLX90614_Init
    main.o(.text) refers to max30100.o(.text) for InitMax30100
    main.o(.text) refers to stm32f10x_exti.o(.text) for EXTI_ClearITPendingBit
    main.o(.text) refers to hw_config.o(.text) for USB_Interrupts_Config
    main.o(.text) refers to usb_init.o(.text) for USB_Init
    main.o(.text) refers to adc.o(.text) for ADC1_Init
    main.o(.text) refers to delay.o(.text) for delay_ms
    main.o(.text) refers to max_30100_i2c.o(.text) for ResetI2c
    main.o(.text) refers to main.o(.bss) for TIM_TimeBaseStructure
    main.o(.text) refers to main.o(.data) for IntStatus
    main.o(.text) refers to max_30100_i2c.o(.data) for I2ComError_Flag
    stm32f10x_it.o(.text) refers to usb_istr.o(.text) for USB_Istr
    stm32f10x_it.o(.text) refers to stm32f10x_i2c.o(.text) for I2C_GetITStatus
    sysfunction.o(.text) refers to _printf_percent.o(.ARM.Collect$$_printf_percent$$00000000) for _printf_percent
    sysfunction.o(.text) refers to _printf_d.o(.ARM.Collect$$_printf_percent$$00000009) for _printf_d
    sysfunction.o(.text) refers to _printf_dec.o(.text) for _printf_int_dec
    sysfunction.o(.text) refers to _printf_pad.o(.text) for _printf_pre_padding
    sysfunction.o(.text) refers to oled.o(.text) for OLED_ClearLine
    sysfunction.o(.text) refers to noretval__2sprintf.o(.text) for __2sprintf
    sysfunction.o(.text) refers to sysfunction.o(.data) for Xvalue
    sysfunction.o(.text) refers to main.o(.data) for Function_Select
    sysfunction.o(.text) refers to adc.o(.data) for DrawCount
    sysfunction.o(.text) refers to sysfunction.o(.bss) for aun_ir_buffer
    sysfunction.o(.text) refers to sysfunction.o(.constdata) for BMP_Buf
    sysfunction.o(.text) refers to stm32f10x_gpio.o(.text) for GPIO_ReadInputDataBit
    sysfunction.o(.text) refers to ds18b20.o(.text) for ReadTemperature
    sysfunction.o(.text) refers to mlx90614.o(.text) for SMBus_ReadTemp
    sysfunction.o(.text) refers to uart.o(.text) for USART1_SendDataDMA
    sysfunction.o(.text) refers to usbio.o(.text) for USB_SendData
    sysfunction.o(.text) refers to algorithm.o(.text) for maxim_heart_rate_and_oxygen_saturation
    usbio.o(.text) refers to usb_mem.o(.text) for UserToPMABufferCopy
    usbio.o(.text) refers to usb_regs.o(.text) for SetEPTxCount
    usbio.o(.text) refers to usb_endp.o(.bss) for USB_Receive_Buffer
    system_stm32f10x.o(.text) refers to system_stm32f10x.o(.data) for SystemCoreClock
    stm32f10x_adc.o(.text) refers to stm32f10x_rcc.o(.text) for RCC_APB2PeriphResetCmd
    stm32f10x_bkp.o(.text) refers to stm32f10x_rcc.o(.text) for RCC_BackupResetCmd
    stm32f10x_can.o(.text) refers to stm32f10x_rcc.o(.text) for RCC_APB1PeriphResetCmd
    stm32f10x_cec.o(.text) refers to stm32f10x_rcc.o(.text) for RCC_APB1PeriphResetCmd
    stm32f10x_dac.o(.text) refers to stm32f10x_rcc.o(.text) for RCC_APB1PeriphResetCmd
    stm32f10x_gpio.o(.text) refers to stm32f10x_rcc.o(.text) for RCC_APB2PeriphResetCmd
    stm32f10x_i2c.o(.text) refers to stm32f10x_rcc.o(.text) for RCC_APB1PeriphResetCmd
    stm32f10x_pwr.o(.text) refers to stm32f10x_rcc.o(.text) for RCC_APB1PeriphResetCmd
    stm32f10x_rcc.o(.text) refers to stm32f10x_rcc.o(.data) for APBAHBPrescTable
    stm32f10x_spi.o(.text) refers to stm32f10x_rcc.o(.text) for RCC_APB2PeriphResetCmd
    stm32f10x_tim.o(.text) refers to stm32f10x_rcc.o(.text) for RCC_APB2PeriphResetCmd
    stm32f10x_usart.o(.text) refers to stm32f10x_rcc.o(.text) for RCC_APB2PeriphResetCmd
    stm32f10x_wwdg.o(.text) refers to stm32f10x_rcc.o(.text) for RCC_APB1PeriphResetCmd
    startup_stm32f10x_md.o(STACK) refers (Special) to heapauxi.o(.text) for __use_two_region_memory
    startup_stm32f10x_md.o(HEAP) refers (Special) to heapauxi.o(.text) for __use_two_region_memory
    startup_stm32f10x_md.o(RESET) refers (Special) to heapauxi.o(.text) for __use_two_region_memory
    startup_stm32f10x_md.o(RESET) refers to startup_stm32f10x_md.o(STACK) for __initial_sp
    startup_stm32f10x_md.o(RESET) refers to startup_stm32f10x_md.o(.text) for Reset_Handler
[...]
    __rt_lib_init_fp_trap_1                  0x080001ad   Thumb Code     0  libinit2.o(.ARM.Collect$$libinit$$0000001D)
    __rt_lib_init_getenv_1                   0x080001ad   Thumb Code     0  libinit2.o(.ARM.Collect$$libinit$$00000021)
    __rt_lib_init_heap_1                     0x080001ad   Thumb Code     0  libinit2.o(.ARM.Collect$$libinit$$00000008)
    __rt_lib_init_lc_collate_1               0x080001ad   Thumb Code     0  libinit2.o(.ARM.Collect$$libinit$$0000000F)
    __rt_lib_init_lc_ctype_1                 0x080001ad   Thumb Code     0  libinit2.o(.ARM.Collect$$libinit$$00000011)
    __rt_lib_init_lc_monetary_1              0x080001ad   Thumb Code     0  libinit2.o(.ARM.Collect$$libinit$$00000013)
    __rt_lib_init_lc_numeric_1               0x080001ad   Thumb Code     0  libinit2.o(.ARM.Collect$$libinit$$00000015)
    __rt_lib_init_lc_time_1                  0x080001ad   Thumb Code     0  libinit2.o(.ARM.Collect$$libinit$$00000017)
    __rt_lib_init_rand_1                     0x080001ad   Thumb Code     0  libinit2.o(.ARM.Collect$$libinit$$0000000C)
    __rt_lib_init_return                     0x080001ad   Thumb Code     0  libinit2.o(.ARM.Collect$$libinit$$00000031)
    __rt_lib_init_signal_1                   0x080001ad   Thumb Code     0  libinit2.o(.ARM.Collect$$libinit$$0000001B)
    __rt_lib_init_stdio_1                    0x080001ad   Thumb Code     0  libinit2.o(.ARM.Collect$$libinit$$00000023)
    __rt_lib_init_user_alloc_1               0x080001ad   Thumb Code     0  libinit2.o(.ARM.Collect$$libinit$$0000000A)
    __rt_lib_shutdown                        0x080001af   Thumb Code     0  libshutdown.o(.ARM.Collect$$libshutdown$$00000000)
    __rt_lib_shutdown_fp_trap_1              0x080001b1   Thumb Code     0  libshutdown2.o(.ARM.Collect$$libshutdown$$00000006)
    __rt_lib_shutdown_heap_1                 0x080001b1   Thumb Code     0  libshutdown2.o(.ARM.Collect$$libshutdown$$0000000E)
    __rt_lib_shutdown_return                 0x080001b1   Thumb Code     0  libshutdown2.o(.ARM.Collect$$libshutdown$$0000000F)
    __rt_lib_shutdown_signal_1               0x080001b1   Thumb Code     0  libshutdown2.o(.ARM.Collect$$libshutdown$$00000009)
    __rt_lib_shutdown_stdio_1                0x080001b1   Thumb Code     0  libshutdown2.o(.ARM.Collect$$libshutdown$$00000003)
    __rt_lib_shutdown_user_alloc_1           0x080001b1   Thumb Code     0  libshutdown2.o(.ARM.Collect$$libshutdown$$0000000B)
    __rt_entry                               0x080001b3   Thumb Code     0  rtentry.o(.ARM.Collect$$rtentry$$00000000)
    __rt_entry_presh_1                       0x080001b3   Thumb Code     0  rtentry2.o(.ARM.Collect$$rtentry$$00000002)
    __rt_entry_sh                            0x080001b3   Thumb Code     0  rtentry4.o(.ARM.Collect$$rtentry$$00000004)
    __rt_entry_li                            0x080001b9   Thumb Code     0  rtentry2.o(.ARM.Collect$$rtentry$$0000000A)
    __rt_entry_postsh_1                      0x080001b9   Thumb Code     0  rtentry2.o(.ARM.Collect$$rtentry$$00000009)
    __rt_entry_main                          0x080001bd   Thumb Code     0  rtentry2.o(.ARM.Collect$$rtentry$$0000000D)
    __rt_entry_postli_1                      0x080001bd   Thumb Code     0  rtentry2.o(.ARM.Collect$$rtentry$$0000000C)
    __rt_exit                                0x080001c5   Thumb Code     0  rtexit.o(.ARM.Collect$$rtexit$$00000000)
    __rt_exit_ls                             0x080001c7   Thumb Code     0  rtexit2.o(.ARM.Collect$$rtexit$$00000003)
    __rt_exit_prels_1                        0x080001c7   Thumb Code     0  rtexit2.o(.ARM.Collect$$rtexit$$00000002)
    __rt_exit_exit                           0x080001cb   Thumb Code     0  rtexit2.o(.ARM.Collect$$rtexit$$00000004)
    BeepControl                              0x080001d1   Thumb Code    30  main.o(.text)
    TimerInit                                0x080001ef   Thumb Code    58  main.o(.text)
    InitBeep                                 0x08000229   Thumb Code    32  main.o(.text)
    InitKeyPad                               0x08000249   Thumb Code    64  main.o(.text)
    NVIC_Configuration                       0x08000289   Thumb Code    62  main.o(.text)
    RCC_Configuration                        0x080002c7   Thumb Code   100  main.o(.text)
    main                                     0x0800032b   Thumb Code   148  main.o(.text)
    TIM2_IRQHandler                          0x080003bf   Thumb Code    32  main.o(.text)
    EXTI15_10_IRQHandler                     0x080003df   Thumb Code    96  main.o(.text)
    NMI_Handler                              0x08000465   Thumb Code     2  stm32f10x_it.o(.text)
    HardFault_Handler                        0x08000467   Thumb Code     4  stm32f10x_it.o(.text)
    MemManage_Handler                        0x0800046b   Thumb Code     4  stm32f10x_it.o(.text)
    BusFault_Handler                         0x0800046f   Thumb Code     4  stm32f10x_it.o(.text)
    UsageFault_Handler                       0x08000473   Thumb Code     4  stm32f10x_it.o(.text)
    SVC_Handler                              0x08000477   Thumb Code     2  stm32f10x_it.o(.text)
    DebugMon_Handler                         0x08000479   Thumb Code     2  stm32f10x_it.o(.text)
    PendSV_Handler                           0x0800047b   Thumb Code     2  stm32f10x_it.o(.text)
    USB_LP_CAN1_RX0_IRQHandler               0x0800047d   Thumb Code     8  stm32f10x_it.o(.text)
    SysTick_Handler                          0x08000485   Thumb Code     2  stm32f10x_it.o(.text)
    I2C1_ER_IRQHandler                       0x08000487   Thumb Code   134  stm32f10x_it.o(.text)
    I2C2_ER_IRQHandler                       0x0800050d   Thumb Code   134  stm32f10x_it.o(.text)
    DrawWaves                                0x080005b5   Thumb Code   240  sysfunction.o(.text)
    ClearWaves                               0x080006a5   Thumb Code    24  sysfunction.o(.text)
    GetMax                                   0x080006bd   Thumb Code    42  sysfunction.o(.text)
    CaculateHR_PPG                           0x080006e7   Thumb Code   214  sysfunction.o(.text)
    GetAverage                               0x080007bd   Thumb Code    34  sysfunction.o(.text)
    CaculateHR_ECG                           0x080007df   Thumb Code   204  sysfunction.o(.text)
    Caculate_HR                              0x080008ab   Thumb Code    96  sysfunction.o(.text)
    ShowHeart                                0x0800090b   Thumb Code    40  sysfunction.o(.text)
    SetBoardTestMode                         0x08000933   Thumb Code   228  sysfunction.o(.text)
    KeyPadProcess                            0x08000a17   Thumb Code   196  sysfunction.o(.text)
    ShowTemperature                          0x08000adb   Thumb Code   230  sysfunction.o(.text)
    SendDataToPc                             0x08000bc1   Thumb Code   126  sysfunction.o(.text)
    Caculate_HR_SpO2                         0x08000c3f   Thumb Code   732  sysfunction.o(.text)
    GetMaxIndex                              0x08000f1b   Thumb Code    46  sysfunction.o(.text)
    GetMin                                   0x08000f49   Thumb Code    42  sysfunction.o(.text)
    GetSubArray                              0x08000f73   Thumb Code    48  sysfunction.o(.text)
    USB_SendData                             0x08000fc5   Thumb Code    36  usbio.o(.text)
    USB_GetData                              0x08000fe9   Thumb Code    32  usbio.o(.text)
    SystemInit                               0x080010eb   Thumb Code    78  system_stm32f10x.o(.text)
    SystemCoreClockUpdate                    0x08001139   Thumb Code   142  system_stm32f10x.o(.text)
    NVIC_PriorityGroupConfig                 0x080011ed   Thumb Code    10  misc.o(.text)
    NVIC_Init                                0x080011f7   Thumb Code   100  misc.o(.text)
    NVIC_SetVectorTable                      0x0800125b   Thumb Code    14  misc.o(.text)
    NVIC_SystemLPConfig                      0x08001269   Thumb Code    34  misc.o(.text)
    SysTick_CLKSourceConfig                  0x0800128b   Thumb Code    40  misc.o(.text)
    ADC_DeInit                               0x080012c9   Thumb Code    78  stm32f10x_adc.o(.text)
    ADC_Init                                 0x08001317   Thumb Code    70  stm32f10x_adc.o(.text)
    ADC_StructInit                           0x0800135d   Thumb Code    18  stm32f10x_adc.o(.text)
    ADC_Cmd                                  0x0800136f   Thumb Code    22  stm32f10x_adc.o(.text)
    ADC_DMACmd                               0x08001385   Thumb Code    22  stm32f10x_adc.o(.text)
    ADC_ITConfig                             0x0800139b   Thumb Code    24  stm32f10x_adc.o(.text)
    ADC_ResetCalibration                     0x080013b3   Thumb Code    10  stm32f10x_adc.o(.text)
    ADC_GetResetCalibrationStatus            0x080013bd   Thumb Code    20  stm32f10x_adc.o(.text)
    ADC_StartCalibration                     0x080013d1   Thumb Code    10  stm32f10x_adc.o(.text)
    ADC_GetCalibrationStatus                 0x080013db   Thumb Code    20  stm32f10x_adc.o(.text)
    ADC_SoftwareStartConvCmd                 0x080013ef   Thumb Code    22  stm32f10x_adc.o(.text)
    ADC_GetSoftwareStartConvStatus           0x08001405   Thumb Code    20  stm32f10x_adc.o(.text)
    ADC_DiscModeChannelCountConfig           0x08001419   Thumb Code    24  stm32f10x_adc.o(.text)
    ADC_DiscModeCmd                          0x08001431   Thumb Code    22  stm32f10x_adc.o(.text)
    ADC_RegularChannelConfig                 0x08001447   Thumb Code   184  stm32f10x_adc.o(.text)
    ADC_ExternalTrigConvCmd                  0x080014ff   Thumb Code    22  stm32f10x_adc.o(.text)
    ADC_GetConversionValue                   0x08001515   Thumb Code     8  stm32f10x_adc.o(.text)
    ADC_GetDualModeConversionValue           0x0800151d   Thumb Code     8  stm32f10x_adc.o(.text)
    ADC_AutoInjectedConvCmd                  0x08001525   Thumb Code    22  stm32f10x_adc.o(.text)
    ADC_InjectedDiscModeCmd                  0x0800153b   Thumb Code    22  stm32f10x_adc.o(.text)
    ADC_ExternalTrigInjectedConvConfig       0x08001551   Thumb Code    16  stm32f10x_adc.o(.text)
    ADC_ExternalTrigInjectedConvCmd          0x08001561   Thumb Code    22  stm32f10x_adc.o(.text)
    ADC_SoftwareStartInjectedConvCmd         0x08001577   Thumb Code    22  stm32f10x_adc.o(.text)
    ADC_GetSoftwareStartInjectedConvCmdStatus 0x0800158d   Thumb Code    20  stm32f10x_adc.o(.text)
    ADC_InjectedChannelConfig                0x080015a1   Thumb Code   130  stm32f10x_adc.o(.text)
    ADC_InjectedSequencerLengthConfig        0x08001623   Thumb Code    24  stm32f10x_adc.o(.text)
    ADC_SetInjectedOffset                    0x0800163b   Thumb Code    20  stm32f10x_adc.o(.text)
    ADC_GetInjectedConversionValue           0x0800164f   Thumb Code    28  stm32f10x_adc.o(.text)
    ADC_AnalogWatchdogCmd                    0x0800166b   Thumb Code    16  stm32f10x_adc.o(.text)
    ADC_AnalogWatchdogThresholdsConfig       0x0800167b   Thumb Code     6  stm32f10x_adc.o(.text)
    ADC_AnalogWatchdogSingleChannelConfig    0x08001681   Thumb Code    16  stm32f10x_adc.o(.text)
    ADC_TempSensorVrefintCmd                 0x08001691   Thumb Code    64  stm32f10x_adc.o(.text)
    ADC_GetFlagStatus                        0x080016d1   Thumb Code    18  stm32f10x_adc.o(.text)
    ADC_ClearFlag                            0x080016e3   Thumb Code     6  stm32f10x_adc.o(.text)
    ADC_GetITStatus                          0x080016e9   Thumb Code    36  stm32f10x_adc.o(.text)
    ADC_ClearITPendingBit                    0x0800170d   Thumb Code    10  stm32f10x_adc.o(.text)
    DMA_DeInit                               0x08001719   Thumb Code   324  stm32f10x_dma.o(.text)
    DMA_Init                                 0x0800185d   Thumb Code    60  stm32f10x_dma.o(.text)
    DMA_StructInit                           0x08001899   Thumb Code    26  stm32f10x_dma.o(.text)
    DMA_Cmd                                  0x080018b3   Thumb Code    24  stm32f10x_dma.o(.text)
    DMA_ITConfig                             0x080018cb   Thumb Code    18  stm32f10x_dma.o(.text)
    DMA_SetCurrDataCounter                   0x080018dd   Thumb Code     4  stm32f10x_dma.o(.text)
    DMA_GetCurrDataCounter                   0x080018e1   Thumb Code     8  stm32f10x_dma.o(.text)
    DMA_GetFlagStatus                        0x080018e9   Thumb Code    40  stm32f10x_dma.o(.text)
    DMA_ClearFlag                            0x08001911   Thumb Code    22  stm32f10x_dma.o(.text)
    DMA_GetITStatus                          0x08001927   Thumb Code    40  stm32f10x_dma.o(.text)
    DMA_ClearITPendingBit                    0x0800194f   Thumb Code    22  stm32f10x_dma.o(.text)
    EXTI_DeInit                              0x0800196d   Thumb Code    28  stm32f10x_exti.o(.text)
    EXTI_Init                                0x08001989   Thumb Code   142  stm32f10x_exti.o(.text)
    EXTI_StructInit                          0x08001a17   Thumb Code    16  stm32f10x_exti.o(.text)
    EXTI_GenerateSWInterrupt                 0x08001a27   Thumb Code    16  stm32f10x_exti.o(.text)
    EXTI_GetFlagStatus                       0x08001a37   Thumb Code    22  stm32f10x_exti.o(.text)
    EXTI_ClearFlag                           0x08001a4d   Thumb Code     8  stm32f10x_exti.o(.text)
    EXTI_GetITStatus                         0x08001a55   Thumb Code    34  stm32f10x_exti.o(.text)
    EXTI_ClearITPendingBit                   0x08001a77   Thumb Code     8  stm32f10x_exti.o(.text)
    FLASH_SetLatency                         0x08001a89   Thumb Code    18  stm32f10x_flash.o(.text)
    FLASH_HalfCycleAccessCmd                 0x08001a9b   Thumb Code    22  stm32f10x_flash.o(.text)
    FLASH_PrefetchBufferCmd                  0x08001ab1   Thumb Code    22  stm32f10x_flash.o(.text)
    FLASH_Unlock                             0x08001ac7   Thumb Code    12  stm32f10x_flash.o(.text)
    FLASH_UnlockBank1                        0x08001ad3   Thumb Code    12  stm32f10x_flash.o(.text)
    FLASH_Lock                               0x08001adf   Thumb Code    14  stm32f10x_flash.o(.text)
    FLASH_LockBank1                          0x08001aed   Thumb Code    14  stm32f10x_flash.o(.text)
    FLASH_GetBank1Status                     0x08001afb   Thumb Code    48  stm32f10x_flash.o(.text)
    FLASH_WaitForLastOperation               0x08001b2b   Thumb Code    38  stm32f10x_flash.o(.text)
    FLASH_ErasePage                          0x08001b51   Thumb Code    72  stm32f10x_flash.o(.text)
    FLASH_EraseAllPages                      0x08001b99   Thumb Code    68  stm32f10x_flash.o(.text)
    FLASH_WaitForLastBank1Operation          0x08001bdd   Thumb Code    38  stm32f10x_flash.o(.text)
    FLASH_EraseAllBank1Pages                 0x08001c03   Thumb Code    68  stm32f10x_flash.o(.text)
    FLASH_GetReadOutProtectionStatus         0x08001c47   Thumb Code    20  stm32f10x_flash.o(.text)
    FLASH_EraseOptionBytes                   0x08001c5b   Thumb Code   150  stm32f10x_flash.o(.text)
    FLASH_ProgramWord                        0x08001cf1   Thumb Code   102  stm32f10x_flash.o(.text)
    FLASH_ProgramHalfWord                    0x08001d57   Thumb Code    60  stm32f10x_flash.o(.text)
    FLASH_ProgramOptionByteData              0x08001d93   Thumb Code    72  stm32f10x_flash.o(.text)
    FLASH_EnableWriteProtection              0x08001ddb   Thumb Code   200  stm32f10x_flash.o(.text)
    FLASH_ReadOutProtection                  0x08001ea3   Thumb Code   156  stm32f10x_flash.o(.text)
    FLASH_UserOptionByteConfig               0x08001f3f   Thumb Code    88  stm32f10x_flash.o(.text)
    FLASH_GetUserOptionByte                  0x08001f97   Thumb Code     8  stm32f10x_flash.o(.text)
    FLASH_GetWriteProtectionOptionByte       0x08001f9f   Thumb Code     6  stm32f10x_flash.o(.text)
    FLASH_GetPrefetchBufferStatus            0x08001fa5   Thumb Code    20  stm32f10x_flash.o(.text)
    FLASH_ITConfig                           0x08001fb9   Thumb Code    26  stm32f10x_flash.o(.text)
    FLASH_GetFlagStatus                      0x08001fd3   Thumb Code    42  stm32f10x_flash.o(.text)
    FLASH_ClearFlag                          0x08001ffd   Thumb Code     6  stm32f10x_flash.o(.text)
    FLASH_GetStatus                          0x08002003   Thumb Code    48  stm32f10x_flash.o(.text)
    GPIO_DeInit                              0x08002045   Thumb Code   172  stm32f10x_gpio.o(.text)
    GPIO_AFIODeInit                          0x080020f1   Thumb Code    20  stm32f10x_gpio.o(.text)
    GPIO_Init                                0x08002105   Thumb Code   278  stm32f10x_gpio.o(.text)
    GPIO_StructInit                          0x0800221b   Thumb Code    16  stm32f10x_gpio.o(.text)
    GPIO_ReadInputDataBit                    0x0800222b   Thumb Code    18  stm32f10x_gpio.o(.text)
    GPIO_ReadInputData                       0x0800223d   Thumb Code     8  stm32f10x_gpio.o(.text)
    GPIO_ReadOutputDataBit                   0x08002245   Thumb Code    18  stm32f10x_gpio.o(.text)
    GPIO_ReadOutputData                      0x08002257   Thumb Code     8  stm32f10x_gpio.o(.text)
    GPIO_SetBits                             0x0800225f   Thumb Code     4  stm32f10x_gpio.o(.text)
    GPIO_ResetBits                           0x08002263   Thumb Code     4  stm32f10x_gpio.o(.text)
    GPIO_WriteBit                            0x08002267   Thumb Code    10  stm32f10x_gpio.o(.text)
    GPIO_Write                               0x08002271   Thumb Code     4  stm32f10x_gpio.o(.text)
    GPIO_PinLockConfig                       0x08002275   Thumb Code    18  stm32f10x_gpio.o(.text)
    GPIO_EventOutputConfig                   0x08002287   Thumb Code    26  stm32f10x_gpio.o(.text)
    GPIO_EventOutputCmd                      0x080022a1   Thumb Code     6  stm32f10x_gpio.o(.text)
    GPIO_PinRemapConfig                      0x080022a7   Thumb Code   138  stm32f10x_gpio.o(.text)
    GPIO_EXTILineConfig                      0x08002331   Thumb Code    66  stm32f10x_gpio.o(.text)
    GPIO_ETH_MediaInterfaceConfig            0x08002373   Thumb Code     8  stm32f10x_gpio.o(.text)
    I2C_DeInit                               0x080023a1   Thumb Code    50  stm32f10x_i2c.o(.text)
    I2C_Init                                 0x080023d3   Thumb Code   222  stm32f10x_i2c.o(.text)
    I2C_StructInit                           0x080024b1   Thumb Code    30  stm32f10x_i2c.o(.text)
    I2C_Cmd                                  0x080024cf   Thumb Code    24  stm32f10x_i2c.o(.text)
    I2C_DMACmd                               0x080024e7   Thumb Code    24  stm32f10x_i2c.o(.text)
    I2C_DMALastTransferCmd                   0x080024ff   Thumb Code    24  stm32f10x_i2c.o(.text)
    I2C_GenerateSTART                        0x08002517   Thumb Code    24  stm32f10x_i2c.o(.text)
    I2C_GenerateSTOP                         0x0800252f   Thumb Code    24  stm32f10x_i2c.o(.text)
    I2C_AcknowledgeConfig                    0x08002547   Thumb Code    24  stm32f10x_i2c.o(.text)
    I2C_OwnAddress2Config                    0x0800255f   Thumb Code    22  stm32f10x_i2c.o(.text)
    I2C_DualAddressCmd                       0x08002575   Thumb Code    24  stm32f10x_i2c.o(.text)
    I2C_GeneralCallCmd                       0x0800258d   Thumb Code    24  stm32f10x_i2c.o(.text)
    I2C_ITConfig                             0x080025a5   Thumb Code    18  stm32f10x_i2c.o(.text)
    I2C_SendData                             0x080025b7   Thumb Code     4  stm32f10x_i2c.o(.text)
    I2C_ReceiveData                          0x080025bb   Thumb Code     8  stm32f10x_i2c.o(.text)
    I2C_Send7bitAddress                      0x080025c3   Thumb Code    18  stm32f10x_i2c.o(.text)
    I2C_ReadRegister                         0x080025d5   Thumb Code    22  stm32f10x_i2c.o(.text)
    I2C_SoftwareResetCmd                     0x080025eb   Thumb Code    22  stm32f10x_i2c.o(.text)
    I2C_NACKPositionConfig                   0x08002601   Thumb Code    28  stm32f10x_i2c.o(.text)
    I2C_SMBusAlertConfig                     0x0800261d   Thumb Code    28  stm32f10x_i2c.o(.text)
    I2C_TransmitPEC                          0x08002639   Thumb Code    24  stm32f10x_i2c.o(.text)
    I2C_PECPositionConfig                    0x08002651   Thumb Code    28  stm32f10x_i2c.o(.text)
    I2C_CalculatePEC                         0x0800266d   Thumb Code    24  stm32f10x_i2c.o(.text)
    I2C_GetPEC                               0x08002685   Thumb Code     8  stm32f10x_i2c.o(.text)
    I2C_ARPCmd                               0x0800268d   Thumb Code    24  stm32f10x_i2c.o(.text)
    I2C_StretchClockCmd                      0x080026a5   Thumb Code    24  stm32f10x_i2c.o(.text)
    I2C_FastModeDutyCycleConfig              0x080026bd   Thumb Code    28  stm32f10x_i2c.o(.text)
    I2C_CheckEvent                           0x080026d9   Thumb Code    42  stm32f10x_i2c.o(.text)
    I2C_GetLastEvent                         0x08002703   Thumb Code    26  stm32f10x_i2c.o(.text)
    I2C_GetFlagStatus                        0x0800271d   Thumb Code    58  stm32f10x_i2c.o(.text)
    I2C_ClearFlag                            0x08002757   Thumb Code    12  stm32f10x_i2c.o(.text)
    I2C_GetITStatus                          0x08002763   Thumb Code    54  stm32f10x_i2c.o(.text)
    I2C_ClearITPendingBit                    0x08002799   Thumb Code    12  stm32f10x_i2c.o(.text)
    RCC_DeInit                               0x080027a5   Thumb Code    64  stm32f10x_rcc.o(.text)
    RCC_HSEConfig                            0x080027e5   Thumb Code    70  stm32f10x_rcc.o(.text)
    RCC_GetFlagStatus                        0x0800282b   Thumb Code    56  stm32f10x_rcc.o(.text)
    RCC_WaitForHSEStartUp                    0x08002863   Thumb Code    56  stm32f10x_rcc.o(.text)
    RCC_AdjustHSICalibrationValue            0x0800289b   Thumb Code    20  stm32f10x_rcc.o(.text)
    RCC_HSICmd                               0x080028af   Thumb Code     6  stm32f10x_rcc.o(.text)
    RCC_PLLConfig                            0x080028b5   Thumb Code    24  stm32f10x_rcc.o(.text)
    RCC_PLLCmd                               0x080028cd   Thumb Code     6  stm32f10x_rcc.o(.text)
    RCC_SYSCLKConfig                         0x080028d3   Thumb Code    18  stm32f10x_rcc.o(.text)
    RCC_GetSYSCLKSource                      0x080028e5   Thumb Code    10  stm32f10x_rcc.o(.text)
    RCC_HCLKConfig                           0x080028ef   Thumb Code    18  stm32f10x_rcc.o(.text)
    RCC_PCLK1Config                          0x08002901   Thumb Code    18  stm32f10x_rcc.o(.text)
    RCC_PCLK2Config                          0x08002913   Thumb Code    20  stm32f10x_rcc.o(.text)
    RCC_ITConfig                             0x08002927   Thumb Code    26  stm32f10x_rcc.o(.text)
    RCC_USBCLKConfig                         0x08002941   Thumb Code     8  stm32f10x_rcc.o(.text)
    RCC_ADCCLKConfig                         0x08002949   Thumb Code    18  stm32f10x_rcc.o(.text)
    RCC_LSEConfig                            0x0800295b   Thumb Code    50  stm32f10x_rcc.o(.text)
    RCC_LSICmd                               0x0800298d   Thumb Code     6  stm32f10x_rcc.o(.text)
    RCC_RTCCLKConfig                         0x08002993   Thumb Code    12  stm32f10x_rcc.o(.text)
    RCC_RTCCLKCmd                            0x0800299f   Thumb Code     8  stm32f10x_rcc.o(.text)
    RCC_GetClocksFreq                        0x080029a7   Thumb Code   192  stm32f10x_rcc.o(.text)
    RCC_AHBPeriphClockCmd                    0x08002a67   Thumb Code    26  stm32f10x_rcc.o(.text)
    RCC_APB2PeriphClockCmd                   0x08002a81   Thumb Code    26  stm32f10x_rcc.o(.text)
    RCC_APB1PeriphClockCmd                   0x08002a9b   Thumb Code    26  stm32f10x_rcc.o(.text)
    RCC_APB2PeriphResetCmd                   0x08002ab5   Thumb Code    26  stm32f10x_rcc.o(.text)
    RCC_APB1PeriphResetCmd                   0x08002acf   Thumb Code    26  stm32f10x_rcc.o(.text)
    RCC_BackupResetCmd                       0x08002ae9   Thumb Code     8  stm32f10x_rcc.o(.text)
    RCC_ClockSecuritySystemCmd               0x08002af1   Thumb Code     6  stm32f10x_rcc.o(.text)
    RCC_MCOConfig                            0x08002af7   Thumb Code     6  stm32f10x_rcc.o(.text)
    RCC_ClearFlag                            0x08002afd   Thumb Code    14  stm32f10x_rcc.o(.text)
    RCC_GetITStatus                          0x08002b0b   Thumb Code    20  stm32f10x_rcc.o(.text)
    RCC_ClearITPendingBit                    0x08002b1f   Thumb Code     6  stm32f10x_rcc.o(.text)
    TIM_DeInit                               0x08002b49   Thumb Code   424  stm32f10x_tim.o(.text)
    TIM_TimeBaseInit                         0x08002cf1   Thumb Code   122  stm32f10x_tim.o(.text)
    TIM_OC1Init                              0x08002d6b   Thumb Code   132  stm32f10x_tim.o(.text)
    TIM_OC2Init                              0x08002def   Thumb Code   154  stm32f10x_tim.o(.text)
    TIM_OC3Init                              0x08002e89   Thumb Code   150  stm32f10x_tim.o(.text)
    TIM_OC4Init                              0x08002f1f   Thumb Code   182  stm32f10x_tim.o(.text)
    TIM_SetIC4Prescaler                      0x08002fd5   Thumb Code    26  stm32f10x_tim.o(.text)
    TIM_SetIC3Prescaler                      0x08003071   Thumb Code    18  stm32f10x_tim.o(.text)
    TIM_SetIC2Prescaler                      0x080030fd   Thumb Code    26  stm32f10x_tim.o(.text)
    TIM_SetIC1Prescaler                      0x08003199   Thumb Code    18  stm32f10x_tim.o(.text)
    TIM_ICInit                               0x08003217   Thumb Code   150  stm32f10x_tim.o(.text)
    TIM_PWMIConfig                           0x080032ad   Thumb Code   124  stm32f10x_tim.o(.text)
    TIM_BDTRConfig                           0x08003329   Thumb Code    32  stm32f10x_tim.o(.text)
    TIM_TimeBaseStructInit                   0x08003349   Thumb Code    18  stm32f10x_tim.o(.text)
    TIM_OCStructInit                         0x0800335b   Thumb Code    20  stm32f10x_tim.o(.text)
    TIM_ICStructInit                         0x0800336f   Thumb Code    18  stm32f10x_tim.o(.text)
    TIM_BDTRStructInit                       0x08003381   Thumb Code    40  stm32f10x_tim.o(.text)
    TIM_Cmd                                  0x080033a9   Thumb Code    24  stm32f10x_tim.o(.text)
    TIM_CtrlPWMOutputs                       0x080033c1   Thumb Code    30  stm32f10x_tim.o(.text)
    TIM_ITConfig                             0x080033df   Thumb Code    18  stm32f10x_tim.o(.text)
    TIM_GenerateEvent                        0x080033f1   Thumb Code     4  stm32f10x_tim.o(.text)
    TIM_DMAConfig                            0x080033f5   Thumb Code    10  stm32f10x_tim.o(.text)
    TIM_DMACmd                               0x080033ff   Thumb Code    18  stm32f10x_tim.o(.text)
    TIM_InternalClockConfig                  0x08003411   Thumb Code    12  stm32f10x_tim.o(.text)
    TIM_SelectInputTrigger                   0x0800341d   Thumb Code    18  stm32f10x_tim.o(.text)
    TIM_ITRxExternalClockConfig              0x0800342f   Thumb Code    24  stm32f10x_tim.o(.text)
    TIM_TIxExternalClockConfig               0x08003447   Thumb Code    62  stm32f10x_tim.o(.text)
    TIM_ETRConfig                            0x08003485   Thumb Code    28  stm32f10x_tim.o(.text)
    TIM_ETRClockMode1Config                  0x080034a1   Thumb Code    54  stm32f10x_tim.o(.text)
    TIM_ETRClockMode2Config                  0x080034d7   Thumb Code    32  stm32f10x_tim.o(.text)
    TIM_PrescalerConfig                      0x080034f7   Thumb Code     6  stm32f10x_tim.o(.text)
    TIM_CounterModeConfig                    0x080034fd   Thumb Code    18  stm32f10x_tim.o(.text)
    TIM_EncoderInterfaceConfig               0x0800350f   Thumb Code    66  stm32f10x_tim.o(.text)
    TIM_ForcedOC1Config                      0x08003551   Thumb Code    18  stm32f10x_tim.o(.text)
    TIM_ForcedOC2Config                      0x08003563   Thumb Code    26  stm32f10x_tim.o(.text)
    TIM_ForcedOC3Config                      0x0800357d   Thumb Code    18  stm32f10x_tim.o(.text)
    TIM_ForcedOC4Config                      0x0800358f   Thumb Code    26  stm32f10x_tim.o(.text)
    TIM_ARRPreloadConfig                     0x080035a9   Thumb Code    24  stm32f10x_tim.o(.text)
    TIM_SelectCOM                            0x080035c1   Thumb Code    24  stm32f10x_tim.o(.text)
    TIM_SelectCCDMA                          0x080035d9   Thumb Code    24  stm32f10x_tim.o(.text)
    TIM_CCPreloadControl                     0x080035f1   Thumb Code    24  stm32f10x_tim.o(.text)
    TIM_OC1PreloadConfig                     0x08003609   Thumb Code    18  stm32f10x_tim.o(.text)
    TIM_OC2PreloadConfig                     0x0800361b   Thumb Code    26  stm32f10x_tim.o(.text)
    TIM_OC3PreloadConfig                     0x08003635   Thumb Code    18  stm32f10x_tim.o(.text)
    TIM_OC4PreloadConfig                     0x08003647   Thumb Code    26  stm32f10x_tim.o(.text)
    TIM_OC1FastConfig                        0x08003661   Thumb Code    18  stm32f10x_tim.o(.text)
    TIM_OC2FastConfig                        0x08003673   Thumb Code    26  stm32f10x_tim.o(.text)
    TIM_OC3FastConfig                        0x0800368d   Thumb Code    18  stm32f10x_tim.o(.text)
    TIM_OC4FastConfig                        0x0800369f   Thumb Code    26  stm32f10x_tim.o(.text)
    TIM_ClearOC1Ref                          0x080036b9   Thumb Code    18  stm32f10x_tim.o(.text)
    TIM_ClearOC2Ref                          0x080036cb   Thumb Code    24  stm32f10x_tim.o(.text)
    TIM_ClearOC3Ref                          0x080036e3   Thumb Code    18  stm32f10x_tim.o(.text)
    TIM_ClearOC4Ref                          0x080036f5   Thumb Code    24  stm32f10x_tim.o(.text)
    TIM_OC1PolarityConfig                    0x0800370d   Thumb Code    18  stm32f10x_tim.o(.text)
    TIM_OC1NPolarityConfig                   0x0800371f   Thumb Code    18  stm32f10x_tim.o(.text)
    TIM_OC2PolarityConfig                    0x08003731   Thumb Code    26  stm32f10x_tim.o(.text)
    TIM_OC2NPolarityConfig                   0x0800374b   Thumb Code    26  stm32f10x_tim.o(.text)
    TIM_OC3PolarityConfig                    0x08003765   Thumb Code    26  stm32f10x_tim.o(.text)
    TIM_OC3NPolarityConfig                   0x0800377f   Thumb Code    26  stm32f10x_tim.o(.text)
    TIM_OC4PolarityConfig                    0x08003799   Thumb Code    26  stm32f10x_tim.o(.text)
    TIM_CCxCmd                               0x080037b3   Thumb Code    30  stm32f10x_tim.o(.text)
    TIM_CCxNCmd                              0x080037d1   Thumb Code    30  stm32f10x_tim.o(.text)
    TIM_SelectOCxM                           0x080037ef   Thumb Code    82  stm32f10x_tim.o(.text)
    TIM_UpdateDisableConfig                  0x08003841   Thumb Code    24  stm32f10x_tim.o(.text)
    TIM_UpdateRequestConfig                  0x08003859   Thumb Code    24  stm32f10x_tim.o(.text)
    TIM_SelectHallSensor                     0x08003871   Thumb Code    24  stm32f10x_tim.o(.text)
    TIM_SelectOnePulseMode                   0x08003889   Thumb Code    18  stm32f10x_tim.o(.text)
    TIM_SelectOutputTrigger                  0x0800389b   Thumb Code    18  stm32f10x_tim.o(.text)
    TIM_SelectSlaveMode                      0x080038ad   Thumb Code    18  stm32f10x_tim.o(.text)
    TIM_SelectMasterSlaveMode                0x080038bf   Thumb Code    18  stm32f10x_tim.o(.text)
    TIM_SetCounter                           0x080038d1   Thumb Code     4  stm32f10x_tim.o(.text)
    TIM_SetAutoreload                        0x080038d5   Thumb Code     4  stm32f10x_tim.o(.text)
    TIM_SetCompare1                          0x080038d9   Thumb Code     4  stm32f10x_tim.o(.text)
    TIM_SetCompare2                          0x080038dd   Thumb Code     4  stm32f10x_tim.o(.text)
    TIM_SetCompare3                          0x080038e1   Thumb Code     4  stm32f10x_tim.o(.text)
    TIM_SetCompare4                          0x080038e5   Thumb Code     6  stm32f10x_tim.o(.text)
    TIM_SetClockDivision                     0x080038eb   Thumb Code    18  stm32f10x_tim.o(.text)
    TIM_GetCapture1                          0x080038fd   Thumb Code     6  stm32f10x_tim.o(.text)
    TIM_GetCapture2                          0x08003903   Thumb Code     6  stm32f10x_tim.o(.text)
    TIM_GetCapture3                          0x08003909   Thumb Code     6  stm32f10x_tim.o(.text)
    TIM_GetCapture4                          0x0800390f   Thumb Code     8  stm32f10x_tim.o(.text)
    TIM_GetCounter                           0x08003917   Thumb Code     6  stm32f10x_tim.o(.text)
    TIM_GetPrescaler                         0x0800391d   Thumb Code     6  stm32f10x_tim.o(.text)
    TIM_GetFlagStatus                        0x08003923   Thumb Code    18  stm32f10x_tim.o(.text)
    TIM_ClearFlag                            0x08003935   Thumb Code     6  stm32f10x_tim.o(.text)
    TIM_GetITStatus                          0x0800393b   Thumb Code    34  stm32f10x_tim.o(.text)
    TIM_ClearITPendingBit                    0x0800395d   Thumb Code     6  stm32f10x_tim.o(.text)
    USART_DeInit                             0x08003965   Thumb Code   134  stm32f10x_usart.o(.text)
    USART_Init                               0x080039eb   Thumb Code   210  stm32f10x_usart.o(.text)
    USART_StructInit                         0x08003abd   Thumb Code    24  stm32f10x_usart.o(.text)
    USART_ClockInit                          0x08003ad5   Thumb Code    34  stm32f10x_usart.o(.text)
    USART_ClockStructInit                    0x08003af7   Thumb Code    12  stm32f10x_usart.o(.text)
    USART_Cmd                                0x08003b03   Thumb Code    24  stm32f10x_usart.o(.text)
    USART_ITConfig                           0x08003b1b   Thumb Code    74  stm32f10x_usart.o(.text)
    USART_DMACmd                             0x08003b65   Thumb Code    18  stm32f10x_usart.o(.text)
    USART_SetAddress                         0x08003b77   Thumb Code    18  stm32f10x_usart.o(.text)
    USART_WakeUpConfig                       0x08003b89   Thumb Code    18  stm32f10x_usart.o(.text)
    USART_ReceiverWakeUpCmd                  0x08003b9b   Thumb Code    24  stm32f10x_usart.o(.text)
    USART_LINBreakDetectLengthConfig         0x08003bb3   Thumb Code    18  stm32f10x_usart.o(.text)
    USART_LINCmd                             0x08003bc5   Thumb Code    24  stm32f10x_usart.o(.text)
    USART_SendData                           0x08003bdd   Thumb Code     8  stm32f10x_usart.o(.text)
    USART_ReceiveData                        0x08003be5   Thumb Code    10  stm32f10x_usart.o(.text)
    USART_SendBreak                          0x08003bef   Thumb Code    10  stm32f10x_usart.o(.text)
    USART_SetGuardTime                       0x08003bf9   Thumb Code    16  stm32f10x_usart.o(.text)
    USART_SetPrescaler                       0x08003c09   Thumb Code    16  stm32f10x_usart.o(.text)
    USART_SmartCardCmd                       0x08003c19   Thumb Code    24  stm32f10x_usart.o(.text)
    USART_SmartCardNACKCmd                   0x08003c31   Thumb Code    24  stm32f10x_usart.o(.text)
    USART_HalfDuplexCmd                      0x08003c49   Thumb Code    24  stm32f10x_usart.o(.text)
    USART_OverSampling8Cmd                   0x08003c61   Thumb Code    22  stm32f10x_usart.o(.text)
    USART_OneBitMethodCmd                    0x08003c77   Thumb Code    24  stm32f10x_usart.o(.text)
    USART_IrDAConfig                         0x08003c8f   Thumb Code    18  stm32f10x_usart.o(.text)
    USART_IrDACmd                            0x08003ca1   Thumb Code    24  stm32f10x_usart.o(.text)
    USART_GetFlagStatus                      0x08003cb9   Thumb Code    26  stm32f10x_usart.o(.text)
    USART_ClearFlag                          0x08003cd3   Thumb Code    18  stm32f10x_usart.o(.text)
    USART_GetITStatus                        0x08003ce5   Thumb Code    84  stm32f10x_usart.o(.text)
    USART_ClearITPendingBit                  0x08003d39   Thumb Code    52  stm32f10x_usart.o(.text)
    Reset_Handler                            0x08003d6d   Thumb Code     8  startup_stm32f10x_md.o(.text)
    ADC1_2_IRQHandler                        0x08003d87   Thumb Code     0  startup_stm32f10x_md.o(.text)
    CAN1_RX1_IRQHandler                      0x08003d87   Thumb Code     0  startup_stm32f10x_md.o(.text)
    CAN1_SCE_IRQHandler                      0x08003d87   Thumb Code     0  startup_stm32f10x_md.o(.text)
    DMA1_Channel1_IRQHandler                 0x08003d87   Thumb Code     0  startup_stm32f10x_md.o(.text)
    DMA1_Channel2_IRQHandler                 0x08003d87   Thumb Code     0  startup_stm32f10x_md.o(.text)
    DMA1_Channel3_IRQHandler                 0x08003d87   Thumb Code     0  startup_stm32f10x_md.o(.text)
    DMA1_Channel4_IRQHandler                 0x08003d87   Thumb Code     0  startup_stm32f10x_md.o(.text)
    DMA1_Channel5_IRQHandler                 0x08003d87   Thumb Code     0  startup_stm32f10x_md.o(.text)
    DMA1_Channel6_IRQHandler                 0x08003d87   Thumb Code     0  startup_stm32f10x_md.o(.text)
    DMA1_Channel7_IRQHandler                 0x08003d87   Thumb Code     0  startup_stm32f10x_md.o(.text)
    EXTI0_IRQHandler                         0x08003d87   Thumb Code     0  startup_stm32f10x_md.o(.text)
    EXTI1_IRQHandler                         0x08003d87   Thumb Code     0  startup_stm32f10x_md.o(.text)
    EXTI2_IRQHandler                         0x08003d87   Thumb Code     0  startup_stm32f10x_md.o(.text)
    EXTI3_IRQHandler                         0x08003d87   Thumb Code     0  startup_stm32f10x_md.o(.text)
    EXTI4_IRQHandler                         0x08003d87   Thumb Code     0  startup_stm32f10x_md.o(.text)
    EXTI9_5_IRQHandler                       0x08003d87   Thumb Code     0  startup_stm32f10x_md.o(.text)
    FLASH_IRQHandler                         0x08003d87   Thumb Code     0  startup_stm32f10x_md.o(.text)
    I2C1_EV_IRQHandler                       0x08003d87   Thumb Code     0  startup_stm32f10x_md.o(.text)
    I2C2_EV_IRQHandler                       0x08003d87   Thumb Code     0  startup_stm32f10x_md.o(.text)
    PVD_IRQHandler                           0x08003d87   Thumb Code     0  startup_stm32f10x_md.o(.text)
    RCC_IRQHandler                           0x08003d87   Thumb Code     0  startup_stm32f10x_md.o(.text)
    RTCAlarm_IRQHandler                      0x08003d87   Thumb Code     0  startup_stm32f10x_md.o(.text)
    RTC_IRQHandler                           0x08003d87   Thumb Code     0  startup_stm32f10x_md.o(.text)
    SPI1_IRQHandler                          0x08003d87   Thumb Code     0  startup_stm32f10x_md.o(.text)
    SPI2_IRQHandler                          0x08003d87   Thumb Code     0  startup_stm32f10x_md.o(.text)
    TAMPER_IRQHandler                        0x08003d87   Thumb Code     0  startup_stm32f10x_md.o(.text)
    TIM1_BRK_IRQHandler                      0x08003d87   Thumb Code     0  startup_stm32f10x_md.o(.text)
    TIM1_CC_IRQHandler                       0x08003d87   Thumb Code     0  startup_stm32f10x_md.o(.text)
    TIM1_TRG_COM_IRQHandler                  0x08003d87   Thumb Code     0  startup_stm32f10x_md.o(.text)
    TIM1_UP_IRQHandler                       0x08003d87   Thumb Code     0  startup_stm32f10x_md.o(.text)
    TIM4_IRQHandler                          0x08003d87   Thumb Code     0  startup_stm32f10x_md.o(.text)
    USART3_IRQHandler                        0x08003d87   Thumb Code     0  startup_stm32f10x_md.o(.text)
    USBWakeUp_IRQHandler                     0x08003d87   Thumb Code     0  startup_stm32f10x_md.o(.text)
    USB_HP_CAN1_TX_IRQHandler                0x08003d87   Thumb Code     0  startup_stm32f10x_md.o(.text)
    WWDG_IRQHandler                          0x08003d87   Thumb Code     0  startup_stm32f10x_md.o(.text)
    __user_initial_stackheap                 0x08003d89   Thumb Code     0  startup_stm32f10x_md.o(.text)
    OLED_WR_Byte                             0x08003dad   Thumb Code   108  oled.o(.text)
    OLED_Set_Pos                             0x08003e19   Thumb Code    46  oled.o(.text)
    OLED_Display_On                          0x08003e47   Thumb Code    28  oled.o(.text)
    OLED_Display_Off                         0x08003e63   Thumb Code    28  oled.o(.text)
    OLED_Clear                               0x08003e7f   Thumb Code    64  oled.o(.text)
    OLED_ShowChar                            0x08003ebf   Thumb Code   440  oled.o(.text)
    oled_pow                                 0x08004077   Thumb Code    22  oled.o(.text)
    OLED_ShowNum                             0x0800408d   Thumb Code   136  oled.o(.text)
    OLED_ShowString                          0x08004115   Thumb Code   112  oled.o(.text)
    OLED_ClearBMP                            0x08004185   Thumb Code    82  oled.o(.text)
    OLED_DrawBMP                             0x080041d7   Thumb Code    80  oled.o(.text)
    OLED_ClearLine                           0x08004227   Thumb Code    88  oled.o(.text)
    OLED_DrawPoint                           0x0800427f   Thumb Code   220  oled.o(.text)
    OLED_DrawPoint_Inverse                   0x0800435b   Thumb Code   140  oled.o(.text)
    getchinesecodepos                        0x080043e7   Thumb Code    98  oled.o(.text)
    Get_Code                                 0x08004449   Thumb Code    56  oled.o(.text)
    LCD_Char_CH                              0x08004481   Thumb Code   120  oled.o(.text)
    LCD_Str_CHinese                          0x080044f9   Thumb Code    36  oled.o(.text)
    OLED_Init                                0x0800451d   Thumb Code   380  oled.o(.text)
    delay_us                                 0x08004699   Thumb Code    54  delay.o(.text)
    delay_ms                                 0x080046cf   Thumb Code    56  delay.o(.text)
    maxim_sort_ascend                        0x08004709   Thumb Code    54  algorithm.o(.text)
    maxim_sort_indices_descend               0x0800473f   Thumb Code    64  algorithm.o(.text)
    maxim_remove_close_peaks                 0x0800477f   Thumb Code   114  algorithm.o(.text)
    maxim_peaks_above_min_height             0x080047f1   Thumb Code   122  algorithm.o(.text)
    maxim_find_peaks                         0x0800486b   Thumb Code    66  algorithm.o(.text)
    maxim_heart_rate_and_oxygen_saturation   0x080048ad   Thumb Code  1276  algorithm.o(.text)
    ConfiureIoFor18b20                       0x08004db1   Thumb Code    48  ds18b20.o(.text)
    Init18b20                                0x08004de1   Thumb Code    90  ds18b20.o(.text)
    WriteByte                                0x08004e3b   Thumb Code    80  ds18b20.o(.text)
    ReadByte                                 0x08004e8b   Thumb Code    78  ds18b20.o(.text)
    ReadBytes                                0x08004ed9   Thumb Code    30  ds18b20.o(.text)
    Temp_CRC                                 0x08004ef7   Thumb Code    30  ds18b20.o(.text)
    Config18b20                              0x08004f15   Thumb Code    70  ds18b20.o(.text)
    ReadID                                   0x08004f5b   Thumb Code    22  ds18b20.o(.text)
    ReadTemperature                          0x08004f71   Thumb Code    98  ds18b20.o(.text)
    LowLevel_Init                            0x08004fe9   Thumb Code    76  max_30100_i2c.o(.text)
    ResetI2c                                 0x08005035   Thumb Code   112  max_30100_i2c.o(.text)
    InitMax30100I2C                          0x080050a5   Thumb Code    72  max_30100_i2c.o(.text)
    Max30100_WriteRegDMA                     0x08005157   Thumb Code   344  max_30100_i2c.o(.text)
    Max30100_WriteReg                        0x080052af   Thumb Code   256  max_30100_i2c.o(.text)
    Max30100_ReadRegDMA                      0x080053af   Thumb Code   452  max_30100_i2c.o(.text)
    I2C_WaitEepromStandbyState               0x08005573   Thumb Code    64  max_30100_i2c.o(.text)
    Max30100_ReadReg                         0x080055b3   Thumb Code   360  max_30100_i2c.o(.text)
    Max30100_ReadFIFOData                    0x0800571b   Thumb Code   416  max_30100_i2c.o(.text)
    Max30102_EXTI_Config                     0x080058cd   Thumb Code   102  max30100.o(.text)
    SetMax30100WorkMode                      0x08005933   Thumb Code    58  max30100.o(.text)
    ResetMax30100                            0x0800596d   Thumb Code    22  max30100.o(.text)
    InitMax30100                             0x08005983   Thumb Code   200  max30100.o(.text)
    ReadMax30100Tmp                          0x08005a4b   Thumb Code    24  max30100.o(.text)
    ReadMax30100Status                       0x08005a63   Thumb Code    58  max30100.o(.text)
    ReadMax30100FifoLength                   0x08005a9d   Thumb Code    90  max30100.o(.text)
    FIFO_Read                                0x08005af7   Thumb Code   114  max30100.o(.text)
    ReadMax30100FifoBuf                      0x08005b69   Thumb Code    34  max30100.o(.text)
    SMBus_Delay                              0x08005b9d   Thumb Code    26  mlx90614.o(.text)
    SMBus_StartBit                           0x08005bb7   Thumb Code    56  mlx90614.o(.text)
    SMBus_StopBit                            0x08005bef   Thumb Code    50  mlx90614.o(.text)
    SMBus_ReceiveBit                         0x08005c21   Thumb Code    62  mlx90614.o(.text)
    SMBus_SendBit                            0x08005c5f   Thumb Code    56  mlx90614.o(.text)
    SMBus_SendByte                           0x08005c97   Thumb Code    48  mlx90614.o(.text)
    SMBus_ReceiveByte                        0x08005cc7   Thumb Code    56  mlx90614.o(.text)
    MLX90614_Init                            0x08005cff   Thumb Code    50  mlx90614.o(.text)
    PEC_Calculation                          0x08005d31   Thumb Code   186  mlx90614.o(.text)
    SMBus_ReadMemory                         0x08005deb   Thumb Code   166  mlx90614.o(.text)
    SMBus_ReadTemp                           0x08005e91   Thumb Code    34  mlx90614.o(.text)
    USART_GPIO_Configuration                 0x08005eb9   Thumb Code   100  uart.o(.text)
    USART1_IRQHandler                        0x08005f1d   Thumb Code    52  uart.o(.text)
    USART2_IRQHandler                        0x08005f51   Thumb Code    52  uart.o(.text)
    USART_NVIC_Configuration                 0x08005f85   Thumb Code    64  uart.o(.text)
    USART1_DMA_Configuration                 0x08005fc5   Thumb Code    66  uart.o(.text)
    USART2_DMA_Configuration                 0x08006007   Thumb Code    70  uart.o(.text)
    USART_RCC_Configuration                  0x0800604d   Thumb Code    28  uart.o(.text)
    USART_Config                             0x08006069   Thumb Code   110  uart.o(.text)
    USART1_SendDataDMA                       0x080060d7   Thumb Code    90  uart.o(.text)
    USART_SendString                         0x08006131   Thumb Code    22  uart.o(.text)
    USART2_SendDataDMA                       0x08006147   Thumb Code    94  uart.o(.text)
    USART1_printf                            0x08006207   Thumb Code   296  uart.o(.text)
    ADC_Configure                            0x08006331   Thumb Code    42  adc.o(.text)
    TIM3_NVIC_Configuration                  0x08006465   Thumb Code    42  adc.o(.text)
    TIM3_Configuration                       0x0800648f   Thumb Code    84  adc.o(.text)
    ADC1_Init                                0x080064e3   Thumb Code    36  adc.o(.text)
    TIM3_IRQHandler                          0x08006507   Thumb Code   374  adc.o(.text)
    GPIO_AINConfig                           0x080066bd   Thumb Code     2  hw_config.o(.text)
    Set_System                               0x080066bf   Thumb Code   200  hw_config.o(.text)
    Set_USBClock                             0x08006787   Thumb Code    18  hw_config.o(.text)
    Enter_LowPowerMode                       0x08006799   Thumb Code     2  hw_config.o(.text)
    Leave_LowPowerMode                       0x0800679b   Thumb Code     2  hw_config.o(.text)
    USB_Interrupts_Config                    0x0800679d   Thumb Code    42  hw_config.o(.text)
    USB_Cable_Config                         0x080067c7   Thumb Code    30  hw_config.o(.text)
    Get_SerialNum                            0x08006823   Thumb Code    42  hw_config.o(.text)
    EP1_IN_Callback                          0x08006861   Thumb Code     2  usb_endp.o(.text)
    EP1_OUT_Callback                         0x08006863   Thumb Code    30  usb_endp.o(.text)
    EP2_IN_Callback                          0x08006881   Thumb Code     2  usb_endp.o(.text)
    USB_Istr                                 0x0800688d   Thumb Code   222  usb_istr.o(.text)
    CustomHID_init                           0x08006985   Thumb Code    30  usb_prop.o(.text)
    CustomHID_Reset                          0x080069a3   Thumb Code   182  usb_prop.o(.text)
    CustomHID_SetConfiguration               0x08006a59   Thumb Code    14  usb_prop.o(.text)
    CustomHID_SetDeviceAddress               0x08006a67   Thumb Code     8  usb_prop.o(.text)
    CustomHID_Status_In                      0x08006a6f   Thumb Code     2  usb_prop.o(.text)
    CustomHID_Status_Out                     0x08006a71   Thumb Code     2  usb_prop.o(.text)
    CustomHID_GetProtocolValue               0x08006a73   Thumb Code    20  usb_prop.o(.text)
    CustomHID_GetHIDDescriptor               0x08006a87   Thumb Code    14  usb_prop.o(.text)
    CustomHID_GetReportDescriptor            0x08006a95   Thumb Code    14  usb_prop.o(.text)
    CustomHID_Data_Setup                     0x08006aa3   Thumb Code   114  usb_prop.o(.text)
    CustomHID_SetProtocol                    0x08006b15   Thumb Code    14  usb_prop.o(.text)
    CustomHID_NoData_Setup                   0x08006b23   Thumb Code    32  usb_prop.o(.text)
    CustomHID_GetDeviceDescriptor            0x08006b43   Thumb Code    14  usb_prop.o(.text)
    CustomHID_GetConfigDescriptor            0x08006b51   Thumb Code    14  usb_prop.o(.text)
    CustomHID_GetStringDescriptor            0x08006b5f   Thumb Code    32  usb_prop.o(.text)
    CustomHID_Get_Interface_Setting          0x08006b7f   Thumb Code    22  usb_prop.o(.text)
    PowerOn                                  0x08006bc1   Thumb Code    54  usb_pwr.o(.text)
    PowerOff                                 0x08006bf7   Thumb Code    28  usb_pwr.o(.text)
    Suspend                                  0x08006c13   Thumb Code    34  usb_pwr.o(.text)
    Resume_Init                              0x08006c35   Thumb Code    30  usb_pwr.o(.text)
    Resume                                   0x08006c53   Thumb Code   168  usb_pwr.o(.text)
    Standard_GetConfiguration                0x08006d09   Thumb Code    34  usb_core.o(.text)
    Standard_SetConfiguration                0x08006d2b   Thumb Code    60  usb_core.o(.text)
    Standard_GetInterface                    0x08006d67   Thumb Code    34  usb_core.o(.text)
    Standard_SetInterface                    0x08006d89   Thumb Code    96  usb_core.o(.text)
    Standard_GetStatus                       0x08006de9   Thumb Code   238  usb_core.o(.text)
    Standard_ClearFeature                    0x08006ed7   Thumb Code   342  usb_core.o(.text)
    Standard_SetEndPointFeature              0x0800702d   Thumb Code   220  usb_core.o(.text)
    Standard_SetDeviceFeature                0x08007109   Thumb Code    30  usb_core.o(.text)
    Standard_GetDescriptorData               0x08007127   Thumb Code    32  usb_core.o(.text)
    Post0_Process                            0x0800765b   Thumb Code    54  usb_core.o(.text)
    Setup0_Process                           0x08007691   Thumb Code   170  usb_core.o(.text)
    SetDeviceAddress                         0x0800773b   Thumb Code    70  usb_core.o(.text)
    In0_Process                              0x08007781   Thumb Code    98  usb_core.o(.text)
    Out0_Process                             0x080077e3   Thumb Code    70  usb_core.o(.text)
    NOP_Process                              0x08007829   Thumb Code     2  usb_core.o(.text)
    USB_Init                                 0x08007859   Thumb Code    36  usb_init.o(.text)
    CTR_LP                                   0x08007895   Thumb Code   616  usb_int.o(.text)
    CTR_HP                                   0x08007afd   Thumb Code   178  usb_int.o(.text)
    UserToPMABufferCopy                      0x08007bd1   Thumb Code    52  usb_mem.o(.text)
    PMAToUserBufferCopy                      0x08007c05   Thumb Code    34  usb_mem.o(.text)
    SetCNTR                                  0x08007c2d   Thumb Code     6  usb_regs.o(.text)
    GetCNTR                                  0x08007c33   Thumb Code     8  usb_regs.o(.text)
    SetISTR                                  0x08007c3b   Thumb Code     8  usb_regs.o(.text)
    GetISTR                                  0x08007c43   Thumb Code    10  usb_regs.o(.text)
    GetFNR                                   0x08007c4d   Thumb Code    10  usb_regs.o(.text)
    SetDADDR                                 0x08007c57   Thumb Code     8  usb_regs.o(.text)
    GetDADDR                                 0x08007c5f   Thumb Code    10  usb_regs.o(.text)
    SetBTABLE                                0x08007c69   Thumb Code    14  usb_regs.o(.text)
    GetBTABLE                                0x08007c77   Thumb Code    10  usb_regs.o(.text)
    SetENDPOINT                              0x08007c81   Thumb Code    12  usb_regs.o(.text)
    GetENDPOINT                              0x08007c8d   Thumb Code    16  usb_regs.o(.text)
    SetEPType                                0x08007c9d   Thumb Code    32  usb_regs.o(.text)
    GetEPType                                0x08007cbd   Thumb Code    18  usb_regs.o(.text)
    SetEPTxStatus                            0x08007ccf   Thumb Code    60  usb_regs.o(.text)
    SetEPRxStatus                            0x08007d0b   Thumb Code    60  usb_regs.o(.text)
    SetDouBleBuffEPStall                     0x08007d47   Thumb Code    54  usb_regs.o(.text)
    GetEPTxStatus                            0x08007d7d   Thumb Code    18  usb_regs.o(.text)
    GetEPRxStatus                            0x08007d8f   Thumb Code    18  usb_regs.o(.text)
    SetEPTxValid                             0x08007da1   Thumb Code    48  usb_regs.o(.text)
    SetEPRxValid                             0x08007dd1   Thumb Code    48  usb_regs.o(.text)
    SetEP_KIND                               0x08007e01   Thumb Code    38  usb_regs.o(.text)
    ClearEP_KIND                             0x08007e27   Thumb Code    34  usb_regs.o(.text)
    Clear_Status_Out                         0x08007e49   Thumb Code    34  usb_regs.o(.text)
    Set_Status_Out                           0x08007e6b   Thumb Code    38  usb_regs.o(.text)
    SetEPDoubleBuff                          0x08007e91   Thumb Code    38  usb_regs.o(.text)
    ClearEPDoubleBuff                        0x08007eb7   Thumb Code    34  usb_regs.o(.text)
    GetTxStallStatus                         0x08007ed9   Thumb Code    28  usb_regs.o(.text)
    GetRxStallStatus                         0x08007ef5   Thumb Code    30  usb_regs.o(.text)
    ClearEP_CTR_RX                           0x08007f13   Thumb Code    32  usb_regs.o(.text)
    ClearEP_CTR_TX                           0x08007f33   Thumb Code    28  usb_regs.o(.text)
    ToggleDTOG_RX                            0x08007f4f   Thumb Code    34  usb_regs.o(.text)
    ToggleDTOG_TX                            0x08007f71   Thumb Code    34  usb_regs.o(.text)
    ClearDTOG_RX                             0x08007f93   Thumb Code    48  usb_regs.o(.text)
    ClearDTOG_TX                             0x08007fc3   Thumb Code    48  usb_regs.o(.text)
    SetEPAddress                             0x08007ff3   Thumb Code    46  usb_regs.o(.text)
    GetEPAddress                             0x08008021   Thumb Code    18  usb_regs.o(.text)
    SetEPTxAddr                              0x08008033   Thumb Code    24  usb_regs.o(.text)
    SetEPRxAddr                              0x0800804b   Thumb Code    26  usb_regs.o(.text)
    GetEPTxAddr                              0x08008065   Thumb Code    22  usb_regs.o(.text)
    GetEPRxAddr                              0x0800807b   Thumb Code    24  usb_regs.o(.text)
    SetEPTxCount                             0x08008093   Thumb Code    20  usb_regs.o(.text)
    SetEPCountRxReg                          0x080080a7   Thumb Code    48  usb_regs.o(.text)
    SetEPRxCount                             0x080080d7   Thumb Code    68  usb_regs.o(.text)
    GetEPTxCount                             0x0800811b   Thumb Code    26  usb_regs.o(.text)
    GetEPRxCount                             0x08008135   Thumb Code    26  usb_regs.o(.text)
    SetEPDblBuffAddr                         0x0800814f   Thumb Code    44  usb_regs.o(.text)
    SetEPDblBuf0Addr                         0x0800817b   Thumb Code    24  usb_regs.o(.text)
    SetEPDblBuf1Addr                         0x08008193   Thumb Code    26  usb_regs.o(.text)
    GetEPDblBuf0Addr                         0x080081ad   Thumb Code    22  usb_regs.o(.text)
    GetEPDblBuf1Addr                         0x080081c3   Thumb Code    24  usb_regs.o(.text)
    SetEPDblBuffCount                        0x080081db   Thumb Code   186  usb_regs.o(.text)
    SetEPDblBuf0Count                        0x08008295   Thumb Code    96  usb_regs.o(.text)
    SetEPDblBuf1Count                        0x080082f5   Thumb Code    96  usb_regs.o(.text)
    GetEPDblBuf0Count                        0x08008355   Thumb Code    26  usb_regs.o(.text)
    GetEPDblBuf1Count                        0x0800836f   Thumb Code    26  usb_regs.o(.text)
    GetEPDblBufDir                           0x08008389   Thumb Code    62  usb_regs.o(.text)
    FreeUserBuffer                           0x080083c7   Thumb Code    90  usb_regs.o(.text)
    ToWord                                   0x08008421   Thumb Code     8  usb_regs.o(.text)
    ByteSwap                                 0x08008429   Thumb Code    12  usb_regs.o(.text)
    USB_SIL_Init                             0x08008435   Thumb Code    28  usb_sil.o(.text)
    USB_SIL_Write                            0x08008451   Thumb Code    46  usb_sil.o(.text)
    USB_SIL_Read                             0x0800847f   Thumb Code    46  usb_sil.o(.text)
    __2sprintf                               0x080084b5   Thumb Code    34  noretval__2sprintf.o(.text)
    _printf_pre_padding                      0x080084dd   Thumb Code    44  _printf_pad.o(.text)
    _printf_post_padding                     0x08008509   Thumb Code    34  _printf_pad.o(.text)
    _printf_int_dec                          0x0800852d   Thumb Code   100  _printf_dec.o(.text)
    __printf                                 0x080085a1   Thumb Code   308  __printf_flags_wp.o(.text)
    strlen                                   0x080086d9   Thumb Code    62  strlen.o(.text)
    __aeabi_memclr4                          0x08008717   Thumb Code     0  rt_memclr_w.o(.text)
    __aeabi_memclr8                          0x08008717   Thumb Code     0  rt_memclr_w.o(.text)
    __rt_memclr_w                            0x08008717   Thumb Code    78  rt_memclr_w.o(.text)
    _memset_w                                0x0800871b   Thumb Code     0  rt_memclr_w.o(.text)
    __use_two_region_memory                  0x08008765   Thumb Code     2  heapauxi.o(.text)
    __rt_heap_escrow$2region                 0x08008767   Thumb Code     2  heapauxi.o(.text)
    __rt_heap_expand$2region                 0x08008769   Thumb Code     2  heapauxi.o(.text)
    _printf_int_common                       0x0800876b   Thumb Code   178  _printf_intcommon.o(.text)
    _printf_char_common                      0x08008827   Thumb Code    32  _printf_char_common.o(.text)
    _sputc                                   0x0800884d   Thumb Code    10  _sputc.o(.text)
    __user_setup_stackheap                   0x08008857   Thumb Code    74  sys_stackheap_outer.o(.text)
    exit                                     0x080088a1   Thumb Code    12  exit.o(.text)
    __user_libspace                          0x080088ad   Thumb Code     8  libspace.o(.text)
    __user_perproc_libspace                  0x080088ad   Thumb Code     0  libspace.o(.text)
    __user_perthread_libspace                0x080088ad   Thumb Code     0  libspace.o(.text)
    _sys_exit                                0x080088b5   Thumb Code     8  sys_exit.o(.text)
    __I$use$semihosting                      0x080088c1   Thumb Code     0  use_no_semi.o(.text)
    __use_no_semihosting_swi                 0x080088c1   Thumb Code     2  use_no_semi.o(.text)
    __semihosting_library_function           0x080088c3   Thumb Code     0  indicate_semi.o(.text)
    _is_digit                                0x080088c3   Thumb Code    14  __printf_wp.o(i._is_digit)
    __aeabi_f2iz                             0x080088d1   Thumb Code     0  ffix.o(x$fpl$ffix)
    _ffix                                    0x080088d1   Thumb Code    54  ffix.o(x$fpl$ffix)
    __aeabi_i2f                              0x08008909   Thumb Code     0  fflt_clz.o(x$fpl$fflt)
    _fflt                                    0x08008909   Thumb Code    48  fflt_clz.o(x$fpl$fflt)
    __fpl_fnaninf                            0x08008939   Thumb Code   140  fnaninf.o(x$fpl$fnaninf)
    BMP_Buf                                  0x080089c4   Data          32  sysfunction.o(.constdata)
    __I$use$fp                               0x080089c4   Number         0  usenofp.o(x$fpl$usenofp)
    ChineseCode                              0x080089e4   Data          84  oled.o(.constdata)
    ChineseCharDot                           0x08008a38   Data         672  oled.o(.constdata)
    ASCII6x8                                 0x08008cd8   Data         552  oled.o(.constdata)
    ASCII8X16                                0x08008f00   Data        1520  oled.o(.constdata)
    ASCII12x24                               0x080094f0   Data        3420  oled.o(.constdata)
    ASCII16x32                               0x0800a24c   Data        6080  oled.o(.constdata)
    Hzk                                      0x0800ba0c   Data         672  oled.o(.constdata)
    hz                                       0x0800bcac   Data          72  oled.o(.constdata)
    auw_hamm                                 0x0800bcf4   Data          62  algorithm.o(.constdata)
    uch_spo2_table                           0x0800bd32   Data         184  algorithm.o(.constdata)
    CrcTable                                 0x0800bdea   Data         256  ds18b20.o(.constdata)
    CustomHID_DeviceDescriptor               0x0800beea   Data          18  usb_desc.o(.constdata)
    CustomHID_ConfigDescriptor               0x0800befc   Data          41  usb_desc.o(.constdata)
    CustomHID_ReportDescriptor               0x0800bf25   Data          33  usb_desc.o(.constdata)
    CustomHID_StringLangID                   0x0800bf46   Data           4  usb_desc.o(.constdata)
    CustomHID_StringVendor                   0x0800bf4a   Data          20  usb_desc.o(.constdata)
    CustomHID_StringProduct                  0x0800bf5e   Data          24  usb_desc.o(.constdata)
    Region$$Table$$Base                      0x0800bf88   Number         0  anon$$obj.o(Region$$Table)
    Region$$Table$$Limit                     0x0800bfa8   Number         0  anon$$obj.o(Region$$Table)
    Function_Select                          0x20000000   Data           1  main.o(.data)
    Max30102_INT_Flag                        0x20000001   Data           1  main.o(.data)
    IntStatus                                0x20000002   Data           2  main.o(.data)
    SampleLen                                0x20000004   Data           1  main.o(.data)
    f_temp                                   0x20000008   Data           4  main.o(.data)
    n_brightness                             0x2000000c   Data           4  main.o(.data)
    n_sp02                                   0x20000014   Data           4  sysfunction.o(.data)
    ch_spo2_valid                            0x20000018   Data           1  sysfunction.o(.data)
    n_heart_rate                             0x2000001c   Data           4  sysfunction.o(.data)
    ch_hr_valid                              0x20000020   Data           1  sysfunction.o(.data)
    un_min                                   0x20000024   Data           4  sysfunction.o(.data)
    un_max                                   0x20000028   Data           4  sysfunction.o(.data)
    un_prev_data                             0x2000002c   Data           4  sysfunction.o(.data)
    ir_red_data_count                        0x20000030   Data           4  sysfunction.o(.data)
    tmpperatureDS                            0x20000034   Data           4  sysfunction.o(.data)
    tmpperatureMLX                           0x20000038   Data           4  sysfunction.o(.data)
    SystemCoreClock                          0x20000044   Data           4  system_stm32f10x.o(.data)
    AHBPrescTable                            0x20000048   Data          16  system_stm32f10x.o(.data)
    DS18B20                                  0x2000006c   Data           2  ds18b20.o(.data)
    id_buff                                  0x2000006e   Data           8  ds18b20.o(.data)
    crc_data                                 0x20000076   Data           1  ds18b20.o(.data)
    Max30100_Timeout                         0x20000078   Data           4  max_30100_i2c.o(.data)
    I2ComError_Flag                          0x2000007c   Data           1  max_30100_i2c.o(.data)
    FIFO_Read_Ptr                            0x20000084   Data           1  max30100.o(.data)
    NVIC_InitStructure                       0x20000085   Data           4  max30100.o(.data)
    RxCounter                                0x20000089   Data           1  uart.o(.data)
    RxCounter1                               0x2000008a   Data           1  uart.o(.data)
    buff_counter                             0x2000008d   Data           1  adc.o(.data)
    SampleCount                              0x2000008e   Data           1  adc.o(.data)
    DrawCount                                0x2000008f   Data           1  adc.o(.data)
    HSEStartUpStatus                         0x20000091   Data           1  hw_config.o(.data)
    CustomHID_StringSerial                   0x20000092   Data          26  usb_desc.o(.data)
    USB_Received_Flag                        0x200000ac   Data           1  usb_endp.o(.data)
    wIstr                                    0x200000b0   Data           2  usb_istr.o(.data)
    bIntPackSOF                              0x200000b2   Data           1  usb_istr.o(.data)
    pEpInt_IN                                0x200000b4   Data          28  usb_istr.o(.data)
    pEpInt_OUT                               0x200000d0   Data          28  usb_istr.o(.data)
    ProtocolValue                            0x200000ec   Data           4  usb_prop.o(.data)
    Device_Table                             0x200000f0   Data           2  usb_prop.o(.data)
    Device_Property                          0x200000f4   Data          48  usb_prop.o(.data)
    User_Standard_Requests                   0x20000124   Data          36  usb_prop.o(.data)
    Device_Descriptor                        0x20000148   Data           8  usb_prop.o(.data)
    Config_Descriptor                        0x20000150   Data           8  usb_prop.o(.data)
    CustomHID_Report_Descriptor              0x20000158   Data           8  usb_prop.o(.data)
    CustomHID_Descriptor                     0x20000160   Data           8  usb_prop.o(.data)
    String_Descriptor                        0x20000168   Data          32  usb_prop.o(.data)
    bDeviceState                             0x20000188   Data           4  usb_pwr.o(.data)
    fSuspendEnabled                          0x2000018c   Data           1  usb_pwr.o(.data)
    ResumeS                                  0x2000018d   Data           2  usb_pwr.o(.data)
    StatusInfo                               0x20000190   Data           2  usb_core.o(.data)
    Data_Mul_MaxPacketSize                   0x20000192   Data           1  usb_core.o(.data)
    EPindex                                  0x20000194   Data           1  usb_init.o(.data)
    pInformation                             0x20000198   Data           4  usb_init.o(.data)
    pProperty                                0x2000019c   Data           4  usb_init.o(.data)
    SaveState                                0x200001a0   Data           2  usb_init.o(.data)
    wInterrupt_Mask                          0x200001a2   Data           2  usb_init.o(.data)
    pUser_Standard_Requests                  0x200001a4   Data           4  usb_init.o(.data)
    SaveRState                               0x200001a8   Data           2  usb_int.o(.data)
    SaveTState                               0x200001aa   Data           2  usb_int.o(.data)
    TIM_TimeBaseStructure                    0x2000190c   Data          10  main.o(.bss)
    Max30102DataBuf                          0x20001916   Data         192  main.o(.bss)
    BiaArray                                 0x200019d8   Data         800  sysfunction.o(.bss)
    aun_ir_buffer                            0x20001cf8   Data        2000  sysfunction.o(.bss)
    aun_red_buffer                           0x200024c8   Data        2000  sysfunction.o(.bss)
    TempDisplayBuf                           0x20002c98   Data          16  sysfunction.o(.bss)
    OLED_GRAM                                0x20002ca8   Data        1024  oled.o(.bss)
    temp_buff                                0x20004808   Data           9  ds18b20.o(.bss)
    RxBuffer1                                0x20004811   Data          32  uart.o(.bss)
    RxBuffer2                                0x20004831   Data          32  uart.o(.bss)
    filter_buff                              0x20004852   Data          22  adc.o(.bss)
    AdDataBuf                                0x20004868   Data         111  adc.o(.bss)
    ADC_ConvertedValue                       0x200048d8   Data          10  adc.o(.bss)
    USB_Receive_Buffer                       0x200048e2   Data          64  usb_endp.o(.bss)
    USB_Send_Buffer                          0x20004922   Data          64  usb_endp.o(.bss)
    Device_Info                              0x20004964   Data          28  usb_init.o(.bss)
    __libspace_start                         0x20004980   Data          96  libspace.o(.bss)
    __temporary_stack_top$libspace           0x200049e0   Data           0  libspace.o(.bss)



==============================================================================

Memory Map of the image

  Image Entry point : 0x080000ed

  Load Region LR_IROM1 (Base: 0x08000000, Size: 0x0000c154, Max: 0x00010000, ABSOLUTE, COMPRESSED[0x0000c044])

    Execution Region ER_IROM1 (Base: 0x08000000, Size: 0x0000bfa8, Max: 0x00010000, ABSOLUTE)

    Base Addr    Size         Type   Attr      Idx    E Section Name        Object

    0x08000000   0x000000ec   Data   RO          571    RESET               startup_stm32f10x_md.o
    0x080000ec   0x00000008   Code   RO         1046  * !!!main             c_w.l(__main.o)
    0x080000f4   0x00000034   Code   RO         1224    !!!scatter          c_w.l(__scatter.o)
    0x08000128   0x0000005a   Code   RO         1222    !!dczerorl2         c_w.l(__dczerorl2.o)
    0x08000182   0x00000002   PAD
    0x08000184   0x0000001c   Code   RO         1226    !!handler_zi        c_w.l(__scatter_zi.o)
    0x080001a0   0x00000000   Code   RO         1039    .ARM.Collect$$_printf_percent$$00000000  c_w.l(_printf_percent.o)
    0x080001a0   0x00000006   Code   RO         1038    .ARM.Collect$$_printf_percent$$00000009  c_w.l(_printf_d.o)
    0x080001a6   0x00000004   Code   RO         1065    .ARM.Collect$$_printf_percent$$00000017  c_w.l(_printf_percent_end.o)
    0x080001aa   0x00000002   Code   RO         1095    .ARM.Collect$$libinit$$00000000  c_w.l(libinit.o)
    0x080001ac   0x00000000   Code   RO         1102    .ARM.Collect$$libinit$$00000002  c_w.l(libinit2.o)
    0x080001ac   0x00000000   Code   RO         1105    .ARM.Collect$$libinit$$00000008  c_w.l(libinit2.o)
    0x080001ac   0x00000000   Code   RO         1107    .ARM.Collect$$libinit$$0000000A  c_w.l(libinit2.o)
    0x080001ac   0x00000000   Code   RO         1109    .ARM.Collect$$libinit$$0000000C  c_w.l(libinit2.o)
    0x080001ac   0x00000000   Code   RO         1112    .ARM.Collect$$libinit$$0000000F  c_w.l(libinit2.o)
    0x080001ac   0x00000000   Code   RO         1114    .ARM.Collect$$libinit$$00000011  c_w.l(libinit2.o)
    0x080001ac   0x00000000   Code   RO         1116    .ARM.Collect$$libinit$$00000013  c_w.l(libinit2.o)
    0x080001ac   0x00000000   Code   RO         1118    .ARM.Collect$$libinit$$00000015  c_w.l(libinit2.o)
    0x080001ac   0x00000000   Code   RO         1120    .ARM.Collect$$libinit$$00000017  c_w.l(libinit2.o)
    0x080001ac   0x00000000   Code   RO         1122    .ARM.Collect$$libinit$$00000019  c_w.l(libinit2.o)
    0x080001ac   0x00000000   Code   RO         1124    .ARM.Collect$$libinit$$0000001B  c_w.l(libinit2.o)
    0x080001ac   0x00000000   Code   RO         1126    .ARM.Collect$$libinit$$0000001D  c_w.l(libinit2.o)
    0x080001ac   0x00000000   Code   RO         1128    .ARM.Collect$$libinit$$0000001F  c_w.l(libinit2.o)
    0x080001ac   0x00000000   Code   RO         1130    .ARM.Collect$$libinit$$00000021  c_w.l(libinit2.o)
    0x080001ac   0x00000000   Code   RO         1132    .ARM.Collect$$libinit$$00000023  c_w.l(libinit2.o)
    0x080001ac   0x00000000   Code   RO         1136    .ARM.Collect$$libinit$$0000002A  c_w.l(libinit2.o)
    0x080001ac   0x00000000   Code   RO         1138    .ARM.Collect$$libinit$$0000002C  c_w.l(libinit2.o)
    0x080001ac   0x00000000   Code   RO         1140    .ARM.Collect$$libinit$$0000002E  c_w.l(libinit2.o)
    0x080001ac   0x00000000   Code   RO         1142    .ARM.Collect$$libinit$$00000030  c_w.l(libinit2.o)
    0x080001ac   0x00000002   Code   RO         1143    .ARM.Collect$$libinit$$00000031  c_w.l(libinit2.o)
    0x080001ae   0x00000002   Code   RO         1163    .ARM.Collect$$libshutdown$$00000000  c_w.l(libshutdown.o)
    0x080001b0   0x00000000   Code   RO         1177    .ARM.Collect$$libshutdown$$00000003  c_w.l(libshutdown2.o)
    0x080001b0   0x00000000   Code   RO         1180    .ARM.Collect$$libshutdown$$00000006  c_w.l(libshutdown2.o)
    0x080001b0   0x00000000   Code   RO         1183    .ARM.Collect$$libshutdown$$00000009  c_w.l(libshutdown2.o)
    0x080001b0   0x00000000   Code   RO         1185    .ARM.Collect$$libshutdown$$0000000B  c_w.l(libshutdown2.o)
    0x080001b0   0x00000000   Code   RO         1188    .ARM.Collect$$libshutdown$$0000000E  c_w.l(libshutdown2.o)
    0x080001b0   0x00000002   Code   RO         1189    .ARM.Collect$$libshutdown$$0000000F  c_w.l(libshutdown2.o)
    0x080001b2   0x00000000   Code   RO         1058    .ARM.Collect$$rtentry$$00000000  c_w.l(rtentry.o)
    0x080001b2   0x00000000   Code   RO         1070    .ARM.Collect$$rtentry$$00000002  c_w.l(rtentry2.o)
    0x080001b2   0x00000006   Code   RO         1082    .ARM.Collect$$rtentry$$00000004  c_w.l(rtentry4.o)
    0x080001b8   0x00000000   Code   RO         1072    .ARM.Collect$$rtentry$$00000009  c_w.l(rtentry2.o)
    0x080001b8   0x00000004   Code   RO         1073    .ARM.Collect$$rtentry$$0000000A  c_w.l(rtentry2.o)
    0x080001bc   0x00000000   Code   RO         1075    .ARM.Collect$$rtentry$$0000000C  c_w.l(rtentry2.o)
    0x080001bc   0x00000008   Code   RO         1076    .ARM.Collect$$rtentry$$0000000D  c_w.l(rtentry2.o)
    0x080001c4   0x00000002   Code   RO         1099    .ARM.Collect$$rtexit$$00000000  c_w.l(rtexit.o)
    0x080001c6   0x00000000   Code   RO         1145    .ARM.Collect$$rtexit$$00000002  c_w.l(rtexit2.o)
    0x080001c6   0x00000004   Code   RO         1146    .ARM.Collect$$rtexit$$00000003  c_w.l(rtexit2.o)
    0x080001ca   0x00000006   Code   RO         1147    .ARM.Collect$$rtexit$$00000004  c_w.l(rtexit2.o)
    0x080001d0   0x00000294   Code   RO            1    .text               main.o
    0x08000464   0x00000150   Code   RO          164    .text               stm32f10x_it.o
    0x080005b4   0x00000a10   Code   RO          179    .text               sysfunction.o
    0x08000fc4   0x00000048   Code   RO          201    .text               usbio.o
    0x0800100c   0x000001e0   Code   RO          254    .text               system_stm32f10x.o
    0x080011ec   0x000000dc   Code   RO          291    .text               misc.o
    0x080012c8   0x0000044e   Code   RO          303    .text               stm32f10x_adc.o
    0x08001716   0x00000002   PAD
    0x08001718   0x00000254   Code   RO          387    .text               stm32f10x_dma.o
    0x0800196c   0x0000011c   Code   RO          399    .text               stm32f10x_exti.o
    0x08001a88   0x000005bc   Code   RO          411    .text               stm32f10x_flash.o
    0x08002044   0x0000035c   Code   RO          435    .text               stm32f10x_gpio.o
    0x080023a0   0x00000404   Code   RO          447    .text               stm32f10x_i2c.o
    0x080027a4   0x000003a4   Code   RO          483    .text               stm32f10x_rcc.o
    0x08002b48   0x00000e1a   Code   RO          533    .text               stm32f10x_tim.o
    0x08003962   0x00000002   PAD
    0x08003964   0x00000408   Code   RO          545    .text               stm32f10x_usart.o
    0x08003d6c   0x00000040   Code   RO          572    .text               startup_stm32f10x_md.o
    0x08003dac   0x000008ec   Code   RO          576    .text               oled.o
    0x08004698   0x0000006e   Code   RO          598    .text               delay.o
    0x08004706   0x00000002   PAD
    0x08004708   0x000006a8   Code   RO          613    .text               algorithm.o
    0x08004db0   0x00000238   Code   RO          632    .text               ds18b20.o
    0x08004fe8   0x000008e4   Code   RO          652    .text               max_30100_i2c.o
    0x080058cc   0x000002d0   Code   RO          673    .text               max30100.o
    0x08005b9c   0x0000031c   Code   RO          698    .text               mlx90614.o
    0x08005eb8   0x00000476   Code   RO          728    .text               uart.o
    0x0800632e   0x00000002   PAD
    0x08006330   0x0000038c   Code   RO          753    .text               adc.o
    0x080066bc   0x000001a4   Code   RO          780    .text               hw_config.o
    0x08006860   0x0000002c   Code   RO          815    .text               usb_endp.o
    0x0800688c   0x000000f8   Code   RO          834    .text               usb_istr.o
    0x08006984   0x0000023c   Code   RO          855    .text               usb_prop.o
    0x08006bc0   0x00000148   Code   RO          878    .text               usb_pwr.o
    0x08006d08   0x00000b50   Code   RO          908    .text               usb_core.o
    0x08007858   0x0000003c   Code   RO          923    .text               usb_init.o
    0x08007894   0x0000033c   Code   RO          946    .text               usb_int.o
    0x08007bd0   0x0000005c   Code   RO          970    .text               usb_mem.o
    0x08007c2c   0x00000808   Code   RO          982    .text               usb_regs.o
    0x08008434   0x00000080   Code   RO          994    .text               usb_sil.o
    0x080084b4   0x00000028   Code   RO         1010    .text               c_w.l(noretval__2sprintf.o)
    0x080084dc   0x0000004e   Code   RO         1014    .text               c_w.l(_printf_pad.o)
    0x0800852a   0x00000002   PAD
    0x0800852c   0x00000074   Code   RO         1016    .text               c_w.l(_printf_dec.o)
    0x080085a0   0x00000138   Code   RO         1030    .text               c_w.l(__printf_flags_wp.o)
    0x080086d8   0x0000003e   Code   RO         1040    .text               c_w.l(strlen.o)
    0x08008716   0x0000004e   Code   RO         1042    .text               c_w.l(rt_memclr_w.o)
    0x08008764   0x00000006   Code   RO         1044    .text               c_w.l(heapauxi.o)
    0x0800876a   0x000000b2   Code   RO         1059    .text               c_w.l(_printf_intcommon.o)
    0x0800881c   0x00000030   Code   RO         1061    .text               c_w.l(_printf_char_common.o)
    0x0800884c   0x0000000a   Code   RO         1063    .text               c_w.l(_sputc.o)
    0x08008856   0x0000004a   Code   RO         1086    .text               c_w.l(sys_stackheap_outer.o)
    0x080088a0   0x0000000c   Code   RO         1088    .text               c_w.l(exit.o)
    0x080088ac   0x00000008   Code   RO         1096    .text               c_w.l(libspace.o)
    0x080088b4   0x0000000c   Code   RO         1155    .text               c_w.l(sys_exit.o)
    0x080088c0   0x00000002   Code   RO         1166    .text               c_w.l(use_no_semi.o)
    0x080088c2   0x00000000   Code   RO         1168    .text               c_w.l(indicate_semi.o)
    0x080088c2   0x0000000e   Code   RO         1028    i._is_digit         c_w.l(__printf_wp.o)
    0x080088d0   0x00000036   Code   RO         1048    x$fpl$ffix          fz_ws.l(ffix.o)
    0x08008906   0x00000002   PAD
    0x08008908   0x00000030   Code   RO         1053    x$fpl$fflt          fz_ws.l(fflt_clz.o)
    0x08008938   0x0000008c   Code   RO         1066    x$fpl$fnaninf       fz_ws.l(fnaninf.o)
    0x080089c4   0x00000000   Code   RO         1068    x$fpl$usenofp       fz_ws.l(usenofp.o)
    0x080089c4   0x00000020   Data   RO          181    .constdata          sysfunction.o
    0x080089e4   0x00003310   Data   RO          578    .constdata          oled.o
    0x0800bcf4   0x000000f6   Data   RO          615    .constdata          algorithm.o
    0x0800bdea   0x00000100   Data   RO          634    .constdata          ds18b20.o
    0x0800beea   0x0000008c   Data   RO          802    .constdata          usb_desc.o
    0x0800bf76   0x00000011   Data   RO         1031    .constdata          c_w.l(__printf_flags_wp.o)
    0x0800bf87   0x00000001   PAD
    0x0800bf88   0x00000020   Data   RO         1220    Region$$Table       anon$$obj.o


    Execution Region RW_IRAM1 (Base: 0x20000000, Size: 0x00004fe0, Max: 0x00005000, ABSOLUTE, COMPRESSED[0x0000009c])

    Base Addr    Size         Type   Attr      Idx    E Section Name        Object

    0x20000000   0x00000010   Data   RW            3    .data               main.o
    0x20000010   0x00000032   Data   RW          182    .data               sysfunction.o
    0x20000042   0x00000002   PAD
    0x20000044   0x00000014   Data   RW          255    .data               system_stm32f10x.o
    0x20000058   0x00000014   Data   RW          484    .data               stm32f10x_rcc.o
    0x2000006c   0x0000000b   Data   RW          635    .data               ds18b20.o
    0x20000077   0x00000001   PAD
    0x20000078   0x00000005   Data   RW          653    .data               max_30100_i2c.o
    0x2000007d   0x00000003   PAD
    0x20000080   0x00000009   Data   RW          674    .data               max30100.o
    0x20000089   0x00000002   Data   RW          730    .data               uart.o
    0x2000008b   0x00000006   Data   RW          755    .data               adc.o
    0x20000091   0x00000001   Data   RW          781    .data               hw_config.o
    0x20000092   0x0000001a   Data   RW          803    .data               usb_desc.o
    0x200000ac   0x00000001   Data   RW          817    .data               usb_endp.o
    0x200000ad   0x00000003   PAD
    0x200000b0   0x0000003c   Data   RW          835    .data               usb_istr.o
    0x200000ec   0x0000009c   Data   RW          856    .data               usb_prop.o
    0x20000188   0x00000007   Data   RW          879    .data               usb_pwr.o
    0x2000018f   0x00000001   PAD
    0x20000190   0x00000003   Data   RW          909    .data               usb_core.o
    0x20000193   0x00000001   PAD
    0x20000194   0x00000014   Data   RW          925    .data               usb_init.o
    0x200001a8   0x00000004   Data   RW          947    .data               usb_int.o
    0x200001ac   0x0000182a   Zero   RW            2    .bss                main.o
    0x200019d6   0x00000002   PAD
    0x200019d8   0x000012d0   Zero   RW          180    .bss                sysfunction.o
    0x20002ca8   0x00000400   Zero   RW          577    .bss                oled.o
    0x200030a8   0x00001760   Zero   RW          614    .bss                algorithm.o
    0x20004808   0x00000009   Zero   RW          633    .bss                ds18b20.o
    0x20004811   0x00000040   Zero   RW          729    .bss                uart.o
    0x20004851   0x00000001   PAD
    0x20004852   0x00000090   Zero   RW          754    .bss                adc.o
    0x200048e2   0x00000080   Zero   RW          816    .bss                usb_endp.o
    0x20004962   0x00000002   PAD
    0x20004964   0x0000001c   Zero   RW          924    .bss                usb_init.o
    0x20004980   0x00000060   Zero   RW         1097    .bss                c_w.l(libspace.o)
    0x200049e0   0x00000200   Zero   RW          570    HEAP                startup_stm32f10x_md.o
    0x20004be0   0x00000400   Zero   RW          569    STACK               startup_stm32f10x_md.o


==============================================================================

Image component sizes


      Code (inc. data)   RO Data    RW Data    ZI Data      Debug   Object Name

       908         64          0          6        144       2905   adc.o
      1704         28        246          0       5984       5947   algorithm.o
         0          0          0          0          0         32   core_cm3.o
       110          0          0          0          0        672   delay.o
       568         22        256         11          9       2978   ds18b20.o
       420         20          0          1          0       2715   hw_config.o
       660         38          0         16       6186     293691   main.o
       720         18          0          9          0       3985   max30100.o
      2276         88          0          5          0       5709   max_30100_i2c.o
       220         22          0          0          0       1777   misc.o
       796          6          0          0          0       3885   mlx90614.o
      2284         40      13072          0       1024       7472   oled.o
        64         26        236          0       1536        796   startup_stm32f10x_md.o
      1102         26          0          0          0      10813   stm32f10x_adc.o
       596          8          0          0          0       4306   stm32f10x_dma.o
       284         10          0          0          0       2211   stm32f10x_exti.o
      1468         34          0          0          0       8006   stm32f10x_flash.o
       860         38          0          0          0       5621   stm32f10x_gpio.o
      1028         16          0          0          0       9083   stm32f10x_i2c.o
       336         34          0          0          0       1831   stm32f10x_it.o
       932         36          0         20          0       8800   stm32f10x_rcc.o
      3610         88          0          0          0      22108   stm32f10x_tim.o
      1032         22          0          0          0       8348   stm32f10x_usart.o
      2576        274         32         50       4816       6752   sysfunction.o
       480         38          0         20          0       1831   system_stm32f10x.o
      1142         32          0          2         64       5735   uart.o
      2896        114          0          3          0       8143   usb_core.o
         0          0        140         26          0       1072   usb_desc.o
        44         10          0          1        128       1506   usb_endp.o
        60         24          0         20         28       4226   usb_init.o
       828         34          0          4          0       1983   usb_int.o
       248         26          0         60          0       1328   usb_istr.o
        92          6          0          0          0       1442   usb_mem.o
       572         44          0        156          0       7631   usb_prop.o
       328         22          0          7          0       2693   usb_pwr.o
      2056         20          0          0          0      11757   usb_regs.o
       128          8          0          0          0       1470   usb_sil.o
        72          4          0          0          0      10472   usbio.o

    ----------------------------------------------------------------------
     33508       1340      14014        428      19924     481732   Object Totals
         0          0         32          0          0          0   (incl. Generated)
         8          0          0         11          5          0   (incl. Padding)

    ----------------------------------------------------------------------

      Code (inc. data)   RO Data    RW Data    ZI Data      Debug   Library Member Name

        90          0          0          0          0          0   __dczerorl2.o
         8          0          0          0          0         68   __main.o
       312          4         17          0          0         92   __printf_flags_wp.o
        14          0          0          0          0         68   __printf_wp.o
        52          8          0          0          0          0   __scatter.o
        28          0          0          0          0          0   __scatter_zi.o
        48          6          0          0          0         96   _printf_char_common.o
         6          0          0          0          0          0   _printf_d.o
       116         16          0          0          0         92   _printf_dec.o
       178          0          0          0          0         88   _printf_intcommon.o
        78          0          0          0          0        108   _printf_pad.o
         0          0          0          0          0          0   _printf_percent.o
         4          0          0          0          0          0   _printf_percent_end.o
        10          0          0          0          0         68   _sputc.o
        12          0          0          0          0         72   exit.o
         6          0          0          0          0        152   heapauxi.o
         0          0          0          0          0          0   indicate_semi.o
         2          0          0          0          0          0   libinit.o
         2          0          0          0          0          0   libinit2.o
         2          0          0          0          0          0   libshutdown.o
         2          0          0          0          0          0   libshutdown2.o
         8          4          0          0         96         68   libspace.o
        40          6          0          0          0         84   noretval__2sprintf.o
        78          0          0          0          0         80   rt_memclr_w.o
         0          0          0          0          0          0   rtentry.o
        12          0          0          0          0          0   rtentry2.o
         6          0          0          0          0          0   rtentry4.o
         2          0          0          0          0          0   rtexit.o
        10          0          0          0          0          0   rtexit2.o
        62          0          0          0          0         76   strlen.o
        12          4          0          0          0         68   sys_exit.o
        74          0          0          0          0         80   sys_stackheap_outer.o
         2          0          0          0          0         68   use_no_semi.o
        54          4          0          0          0         84   ffix.o
        48          0          0          0          0         68   fflt_clz.o
       140          4          0          0          0         84   fnaninf.o
         0          0          0          0          0          0   usenofp.o

    ----------------------------------------------------------------------
      1524         56         18          0         96       1664   Library Totals
         6          0          1          0          0          0   (incl. Padding)

    ----------------------------------------------------------------------

      Code (inc. data)   RO Data    RW Data    ZI Data      Debug   Library Name

      1276         48         17          0         96       1428   c_w.l
       242          8          0          0          0        236   fz_ws.l

    ----------------------------------------------------------------------
      1524         56         18          0         96       1664   Library Totals

    ----------------------------------------------------------------------

==============================================================================


      Code (inc. data)   RO Data    RW Data    ZI Data      Debug   

     35032       1396      14032        428      20020     479232   Grand Totals
     35032       1396      14032        156      20020     479232   ELF Image Totals (compressed)
     35032       1396      14032        156          0          0   ROM Totals

==============================================================================

    Total RO  Size (Code + RO Data)                49064 (  47.91kB)
    Total RW  Size (RW Data + ZI Data)             20448 (  19.97kB)
    Total ROM Size (Code + RO Data + RW Data)      49220 (  48.07kB)

==============================================================================

